Component: ARM Compiler 6.16 Tool: armlink [5dfeaa00]

==============================================================================

Section Cross References

    klaw.o(.ARM.exidx.text.Klaw_Init) refers to klaw.o(.text.Klaw_Init) for [Anonymous Symbol]
    klaw.o(.text.Klaw_Inter) refers to klaw.o(.text.__NVIC_SetPriority) for __NVIC_SetPriority
    klaw.o(.text.Klaw_Inter) refers to klaw.o(.text.__NVIC_ClearPendingIRQ) for __NVIC_ClearPendingIRQ
    klaw.o(.text.Klaw_Inter) refers to klaw.o(.text.__NVIC_EnableIRQ) for __NVIC_EnableIRQ
    klaw.o(.ARM.exidx.text.Klaw_Inter) refers to klaw.o(.text.Klaw_Inter) for [Anonymous Symbol]
    klaw.o(.ARM.exidx.text.__NVIC_SetPriority) refers to klaw.o(.text.__NVIC_SetPriority) for [Anonymous Symbol]
    klaw.o(.ARM.exidx.text.__NVIC_ClearPendingIRQ) refers to klaw.o(.text.__NVIC_ClearPendingIRQ) for [Anonymous Symbol]
    klaw.o(.ARM.exidx.text.__NVIC_EnableIRQ) refers to klaw.o(.text.__NVIC_EnableIRQ) for [Anonymous Symbol]
    lcd1602.o(.text.LCD1602_Init) refers to i2c.o(.text.I2C_Init) for I2C_Init
    lcd1602.o(.text.LCD1602_Init) refers to lcd1602.o(.text.LCD1602_CheckAddress) for LCD1602_CheckAddress
    lcd1602.o(.text.LCD1602_Init) refers to lcd1602.o(.text.LCD1602_Write8) for LCD1602_Write8
    lcd1602.o(.ARM.exidx.text.LCD1602_Init) refers to lcd1602.o(.text.LCD1602_Init) for [Anonymous Symbol]
    lcd1602.o(.text.LCD1602_CheckAddress) refers to i2c.o(.text.I2C_Write) for I2C_Write
    lcd1602.o(.text.LCD1602_CheckAddress) refers to lcd1602.o(.bss.pcf_address) for [Anonymous Symbol]
    lcd1602.o(.ARM.exidx.text.LCD1602_CheckAddress) refers to lcd1602.o(.text.LCD1602_CheckAddress) for [Anonymous Symbol]
    lcd1602.o(.text.LCD1602_Write8) refers to lcd1602.o(.text.LCD1602_BF_AC) for LCD1602_BF_AC
    lcd1602.o(.text.LCD1602_Write8) refers to lcd1602.o(.text.LCD1602_Write4) for LCD1602_Write4
    lcd1602.o(.ARM.exidx.text.LCD1602_Write8) refers to lcd1602.o(.text.LCD1602_Write8) for [Anonymous Symbol]
    lcd1602.o(.text.LCD1602_Blink_On) refers to lcd1602.o(.text.LCD1602_Write8) for LCD1602_Write8
    lcd1602.o(.ARM.exidx.text.LCD1602_Blink_On) refers to lcd1602.o(.text.LCD1602_Blink_On) for [Anonymous Symbol]
    lcd1602.o(.text.LCD1602_Blink_Off) refers to lcd1602.o(.text.LCD1602_Write8) for LCD1602_Write8
    lcd1602.o(.ARM.exidx.text.LCD1602_Blink_Off) refers to lcd1602.o(.text.LCD1602_Blink_Off) for [Anonymous Symbol]
    lcd1602.o(.text.LCD1602_Blink_Off_Cursor_On) refers to lcd1602.o(.text.LCD1602_Write8) for LCD1602_Write8
    lcd1602.o(.ARM.exidx.text.LCD1602_Blink_Off_Cursor_On) refers to lcd1602.o(.text.LCD1602_Blink_Off_Cursor_On) for [Anonymous Symbol]
    lcd1602.o(.text.LCD1602_SetCursor) refers to lcd1602.o(.text.LCD1602_Write8) for LCD1602_Write8
    lcd1602.o(.ARM.exidx.text.LCD1602_SetCursor) refers to lcd1602.o(.text.LCD1602_SetCursor) for [Anonymous Symbol]
    lcd1602.o(.text.LCD1602_ClearAll) refers to lcd1602.o(.text.LCD1602_Write8) for LCD1602_Write8
    lcd1602.o(.ARM.exidx.text.LCD1602_ClearAll) refers to lcd1602.o(.text.LCD1602_ClearAll) for [Anonymous Symbol]
    lcd1602.o(.text.LCD1602_Print) refers to lcd1602.o(.text.LCD1602_Write8) for LCD1602_Write8
    lcd1602.o(.ARM.exidx.text.LCD1602_Print) refers to lcd1602.o(.text.LCD1602_Print) for [Anonymous Symbol]
    lcd1602.o(.text.LCD1602_PrintNum) refers to lcd1602.o(.text.itoa) for itoa
    lcd1602.o(.text.LCD1602_PrintNum) refers to lcd1602.o(.text.LCD1602_Print) for LCD1602_Print
    lcd1602.o(.ARM.exidx.text.LCD1602_PrintNum) refers to lcd1602.o(.text.LCD1602_PrintNum) for [Anonymous Symbol]
    lcd1602.o(.text.itoa) refers to aeabi_sdivfast.o(.text_divfast) for __aeabi_idiv
    lcd1602.o(.ARM.exidx.text.itoa) refers to lcd1602.o(.text.itoa) for [Anonymous Symbol]
    lcd1602.o(.text.LCD1602_Backlight) refers to lcd1602.o(.text.PCF8574_Write) for PCF8574_Write
    lcd1602.o(.text.LCD1602_Backlight) refers to lcd1602.o(.data.lcd_backlight) for [Anonymous Symbol]
    lcd1602.o(.ARM.exidx.text.LCD1602_Backlight) refers to lcd1602.o(.text.LCD1602_Backlight) for [Anonymous Symbol]
    lcd1602.o(.text.PCF8574_Write) refers to i2c.o(.text.I2C_Write) for I2C_Write
    lcd1602.o(.text.PCF8574_Write) refers to lcd1602.o(.bss.pcf_address) for [Anonymous Symbol]
    lcd1602.o(.text.PCF8574_Write) refers to lcd1602.o(.data.lcd_backlight) for [Anonymous Symbol]
    lcd1602.o(.ARM.exidx.text.PCF8574_Write) refers to lcd1602.o(.text.PCF8574_Write) for [Anonymous Symbol]
    lcd1602.o(.text.LCD1602_Write4) refers to lcd1602.o(.text.PCF8574_Write) for PCF8574_Write
    lcd1602.o(.ARM.exidx.text.LCD1602_Write4) refers to lcd1602.o(.text.LCD1602_Write4) for [Anonymous Symbol]
    lcd1602.o(.text.LCD1602_BF_AC) refers to i2c.o(.text.I2C_Write) for I2C_Write
    lcd1602.o(.text.LCD1602_BF_AC) refers to i2c.o(.text.I2C_Read) for I2C_Read
    lcd1602.o(.text.LCD1602_BF_AC) refers to lcd1602.o(.bss.pcf_address) for [Anonymous Symbol]
[...]
    Removing lcd1602.o(.ARM.exidx.text.LCD1602_PrintNum), (8 bytes).
    Removing lcd1602.o(.text.itoa), (118 bytes).
    Removing lcd1602.o(.ARM.exidx.text.itoa), (8 bytes).
    Removing lcd1602.o(.ARM.exidx.text.LCD1602_Backlight), (8 bytes).
    Removing lcd1602.o(.ARM.exidx.text.PCF8574_Write), (8 bytes).
    Removing lcd1602.o(.ARM.exidx.text.LCD1602_Write4), (8 bytes).
    Removing lcd1602.o(.ARM.exidx.text.LCD1602_BF_AC), (8 bytes).
    Removing lcd1602.o(.text.LCD1602_PL_CH), (196 bytes).
    Removing lcd1602.o(.ARM.exidx.text.LCD1602_PL_CH), (8 bytes).
    Removing lcd1602.o(.text.LCD1602_PrintPL), (136 bytes).
    Removing lcd1602.o(.ARM.exidx.text.LCD1602_PrintPL), (8 bytes).
    Removing lcd1602.o(.data.PL_CH_a_), (8 bytes).
    Removing lcd1602.o(.data.PL_CH_c_), (8 bytes).
    Removing lcd1602.o(.data.PL_CH_e_), (8 bytes).
    Removing lcd1602.o(.data.PL_CH_l_), (8 bytes).
    Removing lcd1602.o(.data.PL_CH_n_), (8 bytes).
    Removing lcd1602.o(.data.PL_CH_o_), (8 bytes).
    Removing lcd1602.o(.data.PL_CH_s_), (8 bytes).
    Removing lcd1602.o(.data.PL_CH_z_), (8 bytes).
    Removing lcd1602.o(.data.PL_CH_z__), (8 bytes).
    Removing main.o(.text), (0 bytes).
    Removing main.o(.ARM.exidx.text.PIT_IRQHandler), (8 bytes).
    Removing main.o(.ARM.exidx.text.SysTick_Handler), (8 bytes).
    Removing main.o(.ARM.exidx.text.PORTA_IRQHandler), (8 bytes).
    Removing main.o(.ARM.exidx.text.__NVIC_ClearPendingIRQ), (8 bytes).
    Removing main.o(.ARM.exidx.text.main), (8 bytes).
    Removing main.o(.ARM.exidx.text.SysTick_Config), (8 bytes).
    Removing main.o(.ARM.exidx.text.__NVIC_SetPriority), (8 bytes).
    Removing main.o(.ARM.use_no_argv), (4 bytes).
    Removing leds.o(.text), (0 bytes).
    Removing leds.o(.ARM.exidx.text.LED_Init), (8 bytes).
    Removing dac.o(.text), (0 bytes).
    Removing dac.o(.ARM.exidx.text.DAC_Init), (8 bytes).
    Removing dac.o(.ARM.exidx.text.DAC_Load_Trig), (8 bytes).
    Removing i2c.o(.text), (0 bytes).
    Removing i2c.o(.ARM.exidx.text.I2C_Init), (8 bytes).
    Removing i2c.o(.text.I2C_Ping), (52 bytes).
    Removing i2c.o(.ARM.exidx.text.I2C_Ping), (8 bytes).
    Removing i2c.o(.ARM.exidx.text.i2c_enable), (8 bytes).
    Removing i2c.o(.ARM.exidx.text.i2c_tran), (8 bytes).
    Removing i2c.o(.ARM.exidx.text.i2c_m_start), (8 bytes).
    Removing i2c.o(.ARM.exidx.text.i2c_send), (8 bytes).
    Removing i2c.o(.ARM.exidx.text.i2c_wait), (8 bytes).
    Removing i2c.o(.ARM.exidx.text.i2c_m_stop), (8 bytes).
    Removing i2c.o(.ARM.exidx.text.i2c_disable), (8 bytes).
    Removing i2c.o(.ARM.exidx.text.I2C_Write), (8 bytes).
    Removing i2c.o(.ARM.exidx.text.I2C_Read), (8 bytes).
    Removing i2c.o(.ARM.exidx.text.i2c_rec), (8 bytes).
    Removing i2c.o(.ARM.exidx.text.i2c_nack), (8 bytes).
    Removing i2c.o(.ARM.exidx.text.i2c_recv), (8 bytes).
    Removing i2c.o(.text.I2C_WriteReg), (80 bytes).
    Removing i2c.o(.ARM.exidx.text.I2C_WriteReg), (8 bytes).
    Removing i2c.o(.text.I2C_ReadReg), (120 bytes).
    Removing i2c.o(.ARM.exidx.text.I2C_ReadReg), (8 bytes).
    Removing i2c.o(.ARM.exidx.text.i2c_clr_IICIF), (8 bytes).
    Removing i2c.o(.text.i2c_m_rstart), (24 bytes).
    Removing i2c.o(.ARM.exidx.text.i2c_m_rstart), (8 bytes).
    Removing i2c.o(.text.I2C_ReadRegBlock), (176 bytes).
    Removing i2c.o(.ARM.exidx.text.I2C_ReadRegBlock), (8 bytes).
    Removing i2c.o(.text.i2c_ack), (16 bytes).
    Removing i2c.o(.ARM.exidx.text.i2c_ack), (8 bytes).
    Removing sequencer.o(.text), (0 bytes).
    Removing sequencer.o(.ARM.exidx.text.Timer_Init), (8 bytes).
    Removing sequencer.o(.ARM.exidx.text.__NVIC_EnableIRQ), (8 bytes).
    Removing sequencer.o(.ARM.exidx.text.Key_Event), (8 bytes).
    Removing sequencer.o(.ARM.exidx.text.Sequencer_Update), (8 bytes).
    Removing display.o(.text), (0 bytes).
    Removing display.o(.ARM.exidx.text.Display), (8 bytes).
    Removing system_mkl05z4.o(.text), (0 bytes).
    Removing system_mkl05z4.o(.ARM.exidx.text.SystemInit), (8 bytes).
    Removing system_mkl05z4.o(.text.SystemCoreClockUpdate), (184 bytes).
    Removing system_mkl05z4.o(.ARM.exidx.text.SystemCoreClockUpdate), (8 bytes).

92 unused section(s) (total 1730 bytes) removed from the image.

==============================================================================

Image Symbol Table

    Local Symbols

    Symbol Name                              Value     Ov Type        Size  Object(Section)

    ../clib/angel/boardlib.s                 0x00000000   Number         0  boardinit1.o ABSOLUTE
    ../clib/angel/boardlib.s                 0x00000000   Number         0  boardinit2.o ABSOLUTE
    ../clib/angel/boardlib.s                 0x00000000   Number         0  boardinit3.o ABSOLUTE
    ../clib/angel/boardlib.s                 0x00000000   Number         0  boardshut.o ABSOLUTE
    ../clib/angel/handlers.s                 0x00000000   Number         0  __scatter_copy.o ABSOLUTE
    ../clib/angel/handlers.s                 0x00000000   Number         0  __scatter_zi.o ABSOLUTE
    ../clib/angel/kernel.s                   0x00000000   Number         0  __rtentry.o ABSOLUTE
    ../clib/angel/kernel.s                   0x00000000   Number         0  __rtentry2.o ABSOLUTE
    ../clib/angel/kernel.s                   0x00000000   Number         0  __rtentry4.o ABSOLUTE
    ../clib/angel/kernel.s                   0x00000000   Number         0  rtexit.o ABSOLUTE
    ../clib/angel/kernel.s                   0x00000000   Number         0  rtexit2.o ABSOLUTE
    ../clib/angel/rt.s                       0x00000000   Number         0  aeabi_idiv0.o ABSOLUTE
    ../clib/angel/rt.s                       0x00000000   Number         0  aeabi_idiv0_sigfpe.o ABSOLUTE
    ../clib/angel/rt.s                       0x00000000   Number         0  rt_div0.o ABSOLUTE
    ../clib/angel/rt.s                       0x00000000   Number         0  rt_errno_addr.o ABSOLUTE
    ../clib/angel/rt.s                       0x00000000   Number         0  rt_errno_addr_intlibspace.o ABSOLUTE
    ../clib/angel/rt.s                       0x00000000   Number         0  rt_raise.o ABSOLUTE
    ../clib/angel/scatterp.s                 0x00000000   Number         0  __scatter.o ABSOLUTE
    ../clib/angel/startup.s                  0x00000000   Number         0  __main.o ABSOLUTE
    ../clib/angel/sys.s                      0x00000000   Number         0  libspace.o ABSOLUTE
    ../clib/angel/sys.s                      0x00000000   Number         0  sys_stackheap_outer.o ABSOLUTE
    ../clib/angel/sys.s                      0x00000000   Number         0  tempstk.o ABSOLUTE
    ../clib/angel/sys.s                      0x00000000   Number         0  use_no_semi.o ABSOLUTE
    ../clib/angel/sys.s                      0x00000000   Number         0  indicate_semi.o ABSOLUTE
    ../clib/angel/sysapp.c                   0x00000000   Number         0  sys_exit.o ABSOLUTE
    ../clib/angel/sysapp.c                   0x00000000   Number         0  sys_exit_hlt.o ABSOLUTE
    ../clib/angel/sysapp.c                   0x00000000   Number         0  sys_wrch.o ABSOLUTE
    ../clib/angel/sysapp.c                   0x00000000   Number         0  sys_wrch_hlt.o ABSOLUTE
    ../clib/angel/sysapp.c                   0x00000000   Number         0  sys_command.o ABSOLUTE
    ../clib/angel/sysapp.c                   0x00000000   Number         0  sys_command_hlt.o ABSOLUTE
    ../clib/armsys.c                         0x00000000   Number         0  argv_veneer.o ABSOLUTE
    ../clib/armsys.c                         0x00000000   Number         0  _get_argv_nomalloc.o ABSOLUTE
    ../clib/armsys.c                         0x00000000   Number         0  no_argv.o ABSOLUTE
    ../clib/division.c                       0x00000000   Number         0  rtudiv10.o ABSOLUTE
    ../clib/division.s                       0x00000000   Number         0  aeabi_sdivfast.o ABSOLUTE
    ../clib/division.s                       0x00000000   Number         0  aeabi_sdivfast_div0.o ABSOLUTE
    ../clib/fenv.c                           0x00000000   Number         0  _rserrno.o ABSOLUTE
    ../clib/heapalloc.c                      0x00000000   Number         0  hrguard.o ABSOLUTE
    ../clib/heapaux.c                        0x00000000   Number         0  heapauxi.o ABSOLUTE
    ../clib/libinit.s                        0x00000000   Number         0  libinit.o ABSOLUTE
    ../clib/libinit.s                        0x00000000   Number         0  libinit2.o ABSOLUTE
    ../clib/libinit.s                        0x00000000   Number         0  libshutdown.o ABSOLUTE
    ../clib/libinit.s                        0x00000000   Number         0  libshutdown2.o ABSOLUTE
    ../clib/misc.s                           0x00000000   Number         0  printf_stubs.o ABSOLUTE
    ../clib/printf.c                         0x00000000   Number         0  __2sprintf.o ABSOLUTE
    ../clib/printf.c                         0x00000000   Number         0  noretval__2sprintf.o ABSOLUTE
    ../clib/printf.c                         0x00000000   Number         0  __printf.o ABSOLUTE
    ../clib/printf.c                         0x00000000   Number         0  _printf_pad.o ABSOLUTE
    ../clib/printf.c                         0x00000000   Number         0  _printf_dec.o ABSOLUTE
    ../clib/printf.c                         0x00000000   Number         0  __printf_flags.o ABSOLUTE
    ../clib/printf.c                         0x00000000   Number         0  __printf_ss.o ABSOLUTE
    ../clib/printf.c                         0x00000000   Number         0  __printf_flags_ss.o ABSOLUTE
    ../clib/printf.c                         0x00000000   Number         0  __printf_wp.o ABSOLUTE
    ../clib/printf.c                         0x00000000   Number         0  __printf_flags_wp.o ABSOLUTE
    ../clib/printf.c                         0x00000000   Number         0  __printf_ss_wp.o ABSOLUTE
    ../clib/printf.c                         0x00000000   Number         0  __printf_flags_ss_wp.o ABSOLUTE
    ../clib/printf.c                         0x00000000   Number         0  _printf_intcommon.o ABSOLUTE
    ../clib/printf.c                         0x00000000   Number         0  _printf_char_common.o ABSOLUTE
    ../clib/printf.c                         0x00000000   Number         0  _sputc.o ABSOLUTE
    ../clib/printf.c                         0x00000000   Number         0  __printf_nopercent.o ABSOLUTE
    ../clib/printf_percent.s                 0x00000000   Number         0  _printf_d.o ABSOLUTE
    ../clib/printf_percent.s                 0x00000000   Number         0  _printf_percent.o ABSOLUTE
    ../clib/printf_percent.s                 0x00000000   Number         0  _printf_percent_end.o ABSOLUTE
    ../clib/signal.c                         0x00000000   Number         0  defsig_fpe_outer.o ABSOLUTE
    ../clib/signal.c                         0x00000000   Number         0  defsig_fpe_formal.o ABSOLUTE
    ../clib/signal.c                         0x00000000   Number         0  defsig_exit.o ABSOLUTE
    ../clib/signal.c                         0x00000000   Number         0  defsig_fpe_inner.o ABSOLUTE
    ../clib/signal.c                         0x00000000   Number         0  __raise.o ABSOLUTE
    ../clib/signal.c                         0x00000000   Number         0  defsig_general.o ABSOLUTE
    ../clib/signal.c                         0x00000000   Number         0  defsig_abrt_inner.o ABSOLUTE
    ../clib/signal.c                         0x00000000   Number         0  defsig_rtred_inner.o ABSOLUTE
    ../clib/signal.c                         0x00000000   Number         0  defsig_rtmem_inner.o ABSOLUTE
    ../clib/signal.c                         0x00000000   Number         0  defsig_rtmem_outer.o ABSOLUTE
    ../clib/signal.c                         0x00000000   Number         0  defsig_rtmem_formal.o ABSOLUTE
    ../clib/signal.c                         0x00000000   Number         0  defsig_stak_inner.o ABSOLUTE
    ../clib/signal.c                         0x00000000   Number         0  defsig_pvfn_inner.o ABSOLUTE
    ../clib/signal.c                         0x00000000   Number         0  defsig_cppl_inner.o ABSOLUTE
    ../clib/signal.c                         0x00000000   Number         0  defsig_segv_inner.o ABSOLUTE
    ../clib/signal.c                         0x00000000   Number         0  defsig_other.o ABSOLUTE
    ../clib/signal.s                         0x00000000   Number         0  defsig.o ABSOLUTE
    ../clib/stdlib.c                         0x00000000   Number         0  exit.o ABSOLUTE
    ../fplib/cfplib/daddsub.c                0x00000000   Number         0  daddsub.o ABSOLUTE
    ../fplib/cfplib/ddiv.c                   0x00000000   Number         0  ddiv.o ABSOLUTE
    ../fplib/cfplib/dmul.c                   0x00000000   Number         0  dmul.o ABSOLUTE
    ../fplib/cfplib/ffix.c                   0x00000000   Number         0  dfixi.o ABSOLUTE
    ../fplib/cfplib/fflt.c                   0x00000000   Number         0  dflti.o ABSOLUTE
    ../fplib/cfplib/fpinit.c                 0x00000000   Number         0  fpinit.o ABSOLUTE
    ../fplib/cfplib/scalbn.c                 0x00000000   Number         0  dscalbn.o ABSOLUTE
    ../fplib/usenofp.s                       0x00000000   Number         0  usenofp.o ABSOLUTE
    ../mathlib/cos_i.c                       0x00000000   Number         0  cos_i.o ABSOLUTE
    ../mathlib/dunder.c                      0x00000000   Number         0  dunder.o ABSOLUTE
    ../mathlib/fpclassify.c                  0x00000000   Number         0  fpclassify.o ABSOLUTE
    ../mathlib/poly.c                        0x00000000   Number         0  poly.o ABSOLUTE
    ../mathlib/rred.c                        0x00000000   Number         0  rred.o ABSOLUTE
    ../mathlib/sin.c                         0x00000000   Number         0  sin.o ABSOLUTE
    ../mathlib/sin_i.c                       0x00000000   Number         0  sin_i.o ABSOLUTE
    DAC.c                                    0x00000000   Number         0  dac.o ABSOLUTE
    Display.c                                0x00000000   Number         0  display.o ABSOLUTE
    RTE/Device/MKL05Z32xxx4/startup_MKL05Z4.s 0x00000000   Number         0  startup_mkl05z4.o ABSOLUTE
    Sequencer.c                              0x00000000   Number         0  sequencer.o ABSOLUTE
    dc.s                                     0x00000000   Number         0  dc.o ABSOLUTE
    i2c.c                                    0x00000000   Number         0  i2c.o ABSOLUTE
    klaw.c                                   0x00000000   Number         0  klaw.o ABSOLUTE
    lcd1602.c                                0x00000000   Number         0  lcd1602.o ABSOLUTE
    leds.c                                   0x00000000   Number         0  leds.o ABSOLUTE
    main.c                                   0x00000000   Number         0  main.o ABSOLUTE
    system_MKL05Z4.c                         0x00000000   Number         0  system_mkl05z4.o ABSOLUTE
    RESET                                    0x00000000   Section      192  startup_mkl05z4.o(RESET)
    !!!main                                  0x000000c0   Section        8  __main.o(!!!main)
    !!!scatter                               0x000000c8   Section       60  __scatter.o(!!!scatter)
    !!handler_copy                           0x00000104   Section       26  __scatter_copy.o(!!handler_copy)
    !!handler_zi                             0x00000120   Section       28  __scatter_zi.o(!!handler_zi)
    .ARM.Collect$$_printf_percent$$00000000  0x0000013c   Section        2  _printf_percent.o(.ARM.Collect$$_printf_percent$$00000000)
    .ARM.Collect$$_printf_percent$$00000009  0x0000013e   Section       10  _printf_d.o(.ARM.Collect$$_printf_percent$$00000009)
    .ARM.Collect$$_printf_percent$$00000017  0x00000148   Section        4  _printf_percent_end.o(.ARM.Collect$$_printf_percent$$00000017)
    .ARM.Collect$$libinit$$00000000          0x0000014c   Section        2  libinit.o(.ARM.Collect$$libinit$$00000000)
    .ARM.Collect$$libinit$$00000002          0x0000014e   Section        0  libinit2.o(.ARM.Collect$$libinit$$00000002)
    .ARM.Collect$$libinit$$00000004          0x0000014e   Section        0  libinit2.o(.ARM.Collect$$libinit$$00000004)
    .ARM.Collect$$libinit$$0000000A          0x0000014e   Section        0  libinit2.o(.ARM.Collect$$libinit$$0000000A)
    .ARM.Collect$$libinit$$0000000C          0x0000014e   Section        0  libinit2.o(.ARM.Collect$$libinit$$0000000C)
    .ARM.Collect$$libinit$$0000000E          0x0000014e   Section        0  libinit2.o(.ARM.Collect$$libinit$$0000000E)
    .ARM.Collect$$libinit$$00000011          0x0000014e   Section        0  libinit2.o(.ARM.Collect$$libinit$$00000011)
    .ARM.Collect$$libinit$$00000013          0x0000014e   Section        0  libinit2.o(.ARM.Collect$$libinit$$00000013)
    .ARM.Collect$$libinit$$00000015          0x0000014e   Section        0  libinit2.o(.ARM.Collect$$libinit$$00000015)
    .ARM.Collect$$libinit$$00000017          0x0000014e   Section        0  libinit2.o(.ARM.Collect$$libinit$$00000017)
    .ARM.Collect$$libinit$$00000019          0x0000014e   Section        0  libinit2.o(.ARM.Collect$$libinit$$00000019)
    .ARM.Collect$$libinit$$0000001B          0x0000014e   Section        0  libinit2.o(.ARM.Collect$$libinit$$0000001B)
    .ARM.Collect$$libinit$$0000001D          0x0000014e   Section        0  libinit2.o(.ARM.Collect$$libinit$$0000001D)
    .ARM.Collect$$libinit$$0000001F          0x0000014e   Section        0  libinit2.o(.ARM.Collect$$libinit$$0000001F)
    .ARM.Collect$$libinit$$00000021          0x0000014e   Section        0  libinit2.o(.ARM.Collect$$libinit$$00000021)
    .ARM.Collect$$libinit$$00000023          0x0000014e   Section        0  libinit2.o(.ARM.Collect$$libinit$$00000023)
    .ARM.Collect$$libinit$$00000025          0x0000014e   Section        0  libinit2.o(.ARM.Collect$$libinit$$00000025)
    .ARM.Collect$$libinit$$0000002C          0x0000014e   Section        0  libinit2.o(.ARM.Collect$$libinit$$0000002C)
    .ARM.Collect$$libinit$$0000002E          0x0000014e   Section        0  libinit2.o(.ARM.Collect$$libinit$$0000002E)
    .ARM.Collect$$libinit$$00000030          0x0000014e   Section        0  libinit2.o(.ARM.Collect$$libinit$$00000030)
    .ARM.Collect$$libinit$$00000032          0x0000014e   Section        0  libinit2.o(.ARM.Collect$$libinit$$00000032)
    .ARM.Collect$$libinit$$00000033          0x0000014e   Section        2  libinit2.o(.ARM.Collect$$libinit$$00000033)
    .ARM.Collect$$libshutdown$$00000000      0x00000150   Section        2  libshutdown.o(.ARM.Collect$$libshutdown$$00000000)
    .ARM.Collect$$libshutdown$$00000002      0x00000152   Section        0  libshutdown2.o(.ARM.Collect$$libshutdown$$00000002)
    .ARM.Collect$$libshutdown$$00000004      0x00000152   Section        0  libshutdown2.o(.ARM.Collect$$libshutdown$$00000004)
    .ARM.Collect$$libshutdown$$00000007      0x00000152   Section        0  libshutdown2.o(.ARM.Collect$$libshutdown$$00000007)
    .ARM.Collect$$libshutdown$$0000000A      0x00000152   Section        0  libshutdown2.o(.ARM.Collect$$libshutdown$$0000000A)
    .ARM.Collect$$libshutdown$$0000000C      0x00000152   Section        0  libshutdown2.o(.ARM.Collect$$libshutdown$$0000000C)
    .ARM.Collect$$libshutdown$$0000000F      0x00000152   Section        0  libshutdown2.o(.ARM.Collect$$libshutdown$$0000000F)
    .ARM.Collect$$libshutdown$$00000010      0x00000152   Section        2  libshutdown2.o(.ARM.Collect$$libshutdown$$00000010)
    .ARM.Collect$$rtentry$$00000000          0x00000154   Section        0  __rtentry.o(.ARM.Collect$$rtentry$$00000000)
    .ARM.Collect$$rtentry$$00000002          0x00000154   Section        0  __rtentry2.o(.ARM.Collect$$rtentry$$00000002)
    .ARM.Collect$$rtentry$$00000004          0x00000154   Section        6  __rtentry4.o(.ARM.Collect$$rtentry$$00000004)
    .ARM.Collect$$rtentry$$00000009          0x0000015a   Section        0  __rtentry2.o(.ARM.Collect$$rtentry$$00000009)
    .ARM.Collect$$rtentry$$0000000A          0x0000015a   Section        4  __rtentry2.o(.ARM.Collect$$rtentry$$0000000A)
    .ARM.Collect$$rtentry$$0000000C          0x0000015e   Section        0  __rtentry2.o(.ARM.Collect$$rtentry$$0000000C)
    .ARM.Collect$$rtentry$$0000000D          0x0000015e   Section        8  __rtentry2.o(.ARM.Collect$$rtentry$$0000000D)
    .ARM.Collect$$rtexit$$00000000           0x00000166   Section        2  rtexit.o(.ARM.Collect$$rtexit$$00000000)
    .ARM.Collect$$rtexit$$00000002           0x00000168   Section        0  rtexit2.o(.ARM.Collect$$rtexit$$00000002)
    .ARM.Collect$$rtexit$$00000003           0x00000168   Section        4  rtexit2.o(.ARM.Collect$$rtexit$$00000003)
    .ARM.Collect$$rtexit$$00000004           0x0000016c   Section        6  rtexit2.o(.ARM.Collect$$rtexit$$00000004)
    .text                                    0x00000174   Section       52  startup_mkl05z4.o(.text)
    .text                                    0x000001a8   Section        0  noretval__2sprintf.o(.text)
    .text                                    0x000001d0   Section        0  _printf_pad.o(.text)
    .text                                    0x00000220   Section        0  _printf_dec.o(.text)
    .text                                    0x0000028c   Section        0  __printf_flags_wp.o(.text)
    .text                                    0x000003c4   Section        0  heapauxi.o(.text)
    .text                                    0x000003ca   Section        0  _rserrno.o(.text)
    .text                                    0x000003e0   Section        0  _sputc.o(.text)
    .text                                    0x000003ec   Section        8  rt_errno_addr_intlibspace.o(.text)
    .text                                    0x000003f4   Section        8  libspace.o(.text)
    .text                                    0x000003fc   Section        2  use_no_semi.o(.text)
    [Anonymous Symbol]                       0x000003fe   Section        0  main.o(.rodata.str1.1)
    .text                                    0x000003fe   Section        0  indicate_semi.o(.text)
    x$fpl$usenofp                            0x000003fe   Section        0  usenofp.o(x$fpl$usenofp)
    .ARM.__at_0x400                          0x00000400   Section       16  startup_mkl05z4.o(.ARM.__at_0x400)
    .text                                    0x00000410   Section        0  dfixi.o(.text)
    .text                                    0x0000047c   Section        0  dflti.o(.text)
    .text                                    0x000004d4   Section        0  dmul.o(.text)
    .text                                    0x0000071c   Section        0  _printf_intcommon.o(.text)
    _printf_input_char                       0x000007cd   Thumb Code    10  _printf_char_common.o(.text)
    .text                                    0x000007cc   Section        0  _printf_char_common.o(.text)
    .text                                    0x000007fc   Section        0  rtudiv10.o(.text)
    _dadd1                                   0x00000825   Thumb Code   290  daddsub.o(.text)
    .text                                    0x00000824   Section        0  daddsub.o(.text)
    _dsub1                                   0x00000947   Thumb Code   470  daddsub.o(.text)
    .text                                    0x00000b7c   Section        0  ddiv.o(.text)
    .text                                    0x00000fc4   Section        0  dscalbn.o(.text)
    .text                                    0x00001024   Section       62  sys_stackheap_outer.o(.text)
    .text                                    0x00001062   Section        0  exit.o(.text)
    .text                                    0x00001074   Section        0  sys_exit.o(.text)
    [Anonymous Symbol]                       0x00001080   Section        0  dac.o(.text.DAC_Init)
    __arm_cp.0_2                             0x000010c8   Number         4  dac.o(.text.DAC_Init)
    __arm_cp.0_3                             0x000010cc   Number         4  dac.o(.text.DAC_Init)
    [Anonymous Symbol]                       0x000010d0   Section        0  dac.o(.text.DAC_Load_Trig)
    __arm_cp.1_0                             0x000010fc   Number         4  dac.o(.text.DAC_Load_Trig)
    __arm_cp.1_1                             0x00001100   Number         4  dac.o(.text.DAC_Load_Trig)
    [Anonymous Symbol]                       0x00001104   Section        0  display.o(.text.Display)
    [Anonymous Symbol]                       0x00001134   Section        0  i2c.o(.text.I2C_Init)
    __arm_cp.0_0                             0x00001174   Number         4  i2c.o(.text.I2C_Init)
    __arm_cp.0_1                             0x00001178   Number         4  i2c.o(.text.I2C_Init)
    __arm_cp.0_2                             0x0000117c   Number         4  i2c.o(.text.I2C_Init)
    [Anonymous Symbol]                       0x00001180   Section        0  i2c.o(.text.I2C_Read)
    __arm_cp.10_1                            0x000011cc   Number         4  i2c.o(.text.I2C_Read)
    [Anonymous Symbol]                       0x000011d0   Section        0  i2c.o(.text.I2C_Write)
    __arm_cp.9_0                             0x0000120c   Number         4  i2c.o(.text.I2C_Write)
    [Anonymous Symbol]                       0x00001210   Section        0  sequencer.o(.text.Key_Event)
    __arm_cp.2_0                             0x000013a4   Number         4  sequencer.o(.text.Key_Event)
    __arm_cp.2_1                             0x000013a8   Number         4  sequencer.o(.text.Key_Event)
    __arm_cp.2_2                             0x000013ac   Number         4  sequencer.o(.text.Key_Event)
    __arm_cp.2_3                             0x000013b0   Number         4  sequencer.o(.text.Key_Event)
    __arm_cp.2_4                             0x000013b4   Number         4  sequencer.o(.text.Key_Event)
    __arm_cp.2_5                             0x000013b8   Number         4  sequencer.o(.text.Key_Event)
    __arm_cp.2_6                             0x000013bc   Number         4  sequencer.o(.text.Key_Event)
    __arm_cp.2_7                             0x000013c0   Number         4  sequencer.o(.text.Key_Event)
    __arm_cp.2_8                             0x000013c4   Number         4  sequencer.o(.text.Key_Event)
    __arm_cp.2_9                             0x000013c8   Number         4  sequencer.o(.text.Key_Event)
    [Anonymous Symbol]                       0x000013cc   Section        0  klaw.o(.text.Klaw_Init)
    __arm_cp.0_0                             0x00001430   Number         4  klaw.o(.text.Klaw_Init)
    __arm_cp.0_1                             0x00001434   Number         4  klaw.o(.text.Klaw_Init)
    __arm_cp.0_2                             0x00001438   Number         4  klaw.o(.text.Klaw_Init)
    [Anonymous Symbol]                       0x0000143c   Section        0  klaw.o(.text.Klaw_Inter)
    __arm_cp.1_0                             0x0000146c   Number         4  klaw.o(.text.Klaw_Inter)
    [Anonymous Symbol]                       0x00001470   Section        0  lcd1602.o(.text.LCD1602_BF_AC)
    [Anonymous Symbol]                       0x00001538   Section        0  lcd1602.o(.text.LCD1602_Backlight)
    [Anonymous Symbol]                       0x00001548   Section        0  lcd1602.o(.text.LCD1602_CheckAddress)
    [Anonymous Symbol]                       0x00001570   Section        0  lcd1602.o(.text.LCD1602_ClearAll)
    [Anonymous Symbol]                       0x0000157c   Section        0  lcd1602.o(.text.LCD1602_Init)
    __arm_cp.0_0                             0x000015c4   Number         4  lcd1602.o(.text.LCD1602_Init)
    [Anonymous Symbol]                       0x000015c8   Section        0  lcd1602.o(.text.LCD1602_Print)
    [Anonymous Symbol]                       0x000015e8   Section        0  lcd1602.o(.text.LCD1602_SetCursor)
    [Anonymous Symbol]                       0x00001606   Section        0  lcd1602.o(.text.LCD1602_Write4)
    [Anonymous Symbol]                       0x00001620   Section        0  lcd1602.o(.text.LCD1602_Write8)
    [Anonymous Symbol]                       0x00001648   Section        0  leds.o(.text.LED_Init)
    __arm_cp.0_0                             0x00001680   Number         4  leds.o(.text.LED_Init)
    __arm_cp.0_1                             0x00001684   Number         4  leds.o(.text.LED_Init)
    __arm_cp.0_2                             0x00001688   Number         4  leds.o(.text.LED_Init)
    [Anonymous Symbol]                       0x0000168c   Section        0  lcd1602.o(.text.PCF8574_Write)
    __arm_cp.12_0                            0x000016b0   Number         4  lcd1602.o(.text.PCF8574_Write)
    __arm_cp.12_1                            0x000016b4   Number         4  lcd1602.o(.text.PCF8574_Write)
    [Anonymous Symbol]                       0x000016b8   Section        0  main.o(.text.PIT_IRQHandler)
    __arm_cp.0_0                             0x00001730   Number         4  main.o(.text.PIT_IRQHandler)
    __arm_cp.0_1                             0x00001734   Number         4  main.o(.text.PIT_IRQHandler)
    __arm_cp.0_2                             0x00001738   Number         4  main.o(.text.PIT_IRQHandler)
    __arm_cp.0_3                             0x0000173c   Number         4  main.o(.text.PIT_IRQHandler)
    __arm_cp.0_6                             0x00001740   Number         4  main.o(.text.PIT_IRQHandler)
    [Anonymous Symbol]                       0x00001744   Section        0  main.o(.text.PORTA_IRQHandler)
    __arm_cp.2_0                             0x00001948   Number         4  main.o(.text.PORTA_IRQHandler)
    __arm_cp.2_2                             0x0000194c   Number         4  main.o(.text.PORTA_IRQHandler)
    __arm_cp.2_3                             0x00001950   Number         4  main.o(.text.PORTA_IRQHandler)
    __arm_cp.2_4                             0x00001954   Number         4  main.o(.text.PORTA_IRQHandler)
    __arm_cp.2_5                             0x00001958   Number         4  main.o(.text.PORTA_IRQHandler)
    __arm_cp.2_7                             0x0000195c   Number         4  main.o(.text.PORTA_IRQHandler)
    __arm_cp.2_8                             0x00001960   Number         4  main.o(.text.PORTA_IRQHandler)
    __arm_cp.2_10                            0x00001964   Number         4  main.o(.text.PORTA_IRQHandler)
    __arm_cp.2_11                            0x00001968   Number         4  main.o(.text.PORTA_IRQHandler)
    [Anonymous Symbol]                       0x0000196c   Section        0  sequencer.o(.text.Sequencer_Update)
    __arm_cp.3_0                             0x00001a38   Number         4  sequencer.o(.text.Sequencer_Update)
    __arm_cp.3_1                             0x00001a3c   Number         4  sequencer.o(.text.Sequencer_Update)
    __arm_cp.3_2                             0x00001a40   Number         4  sequencer.o(.text.Sequencer_Update)
    __arm_cp.3_3                             0x00001a44   Number         4  sequencer.o(.text.Sequencer_Update)
    __arm_cp.3_4                             0x00001a48   Number         4  sequencer.o(.text.Sequencer_Update)
    SysTick_Config                           0x00001a4d   Thumb Code    28  main.o(.text.SysTick_Config)
    [Anonymous Symbol]                       0x00001a4c   Section        0  main.o(.text.SysTick_Config)
    __arm_cp.5_0                             0x00001a68   Number         4  main.o(.text.SysTick_Config)
    [Anonymous Symbol]                       0x00001a6c   Section        0  main.o(.text.SysTick_Handler)
    __arm_cp.1_0                             0x00001b0c   Number         4  main.o(.text.SysTick_Handler)
    __arm_cp.1_1                             0x00001b10   Number         4  main.o(.text.SysTick_Handler)
    __arm_cp.1_4                             0x00001b14   Number         4  main.o(.text.SysTick_Handler)
    __arm_cp.1_5                             0x00001b18   Number         4  main.o(.text.SysTick_Handler)
    __arm_cp.1_6                             0x00001b1c   Number         4  main.o(.text.SysTick_Handler)
    __arm_cp.1_7                             0x00001b20   Number         4  main.o(.text.SysTick_Handler)
    __arm_cp.1_8                             0x00001b24   Number         4  main.o(.text.SysTick_Handler)
    __arm_cp.1_9                             0x00001b28   Number         4  main.o(.text.SysTick_Handler)
    __arm_cp.1_10                            0x00001b2c   Number         4  main.o(.text.SysTick_Handler)
    __arm_cp.1_11                            0x00001b30   Number         4  main.o(.text.SysTick_Handler)
    __arm_cp.1_12                            0x00001b34   Number         4  main.o(.text.SysTick_Handler)
    [Anonymous Symbol]                       0x00001b38   Section        0  system_mkl05z4.o(.text.SystemInit)
    __arm_cp.0_0                             0x00001b74   Number         4  system_mkl05z4.o(.text.SystemInit)
    __arm_cp.0_1                             0x00001b78   Number         4  system_mkl05z4.o(.text.SystemInit)
    __arm_cp.0_2                             0x00001b7c   Number         4  system_mkl05z4.o(.text.SystemInit)
    __arm_cp.0_3                             0x00001b80   Number         4  system_mkl05z4.o(.text.SystemInit)
    [Anonymous Symbol]                       0x00001b84   Section        0  sequencer.o(.text.Timer_Init)
    __arm_cp.0_0                             0x00001bc0   Number         4  sequencer.o(.text.Timer_Init)
    __arm_cp.0_1                             0x00001bc4   Number         4  sequencer.o(.text.Timer_Init)
    __arm_cp.0_2                             0x00001bc8   Number         4  sequencer.o(.text.Timer_Init)
    __arm_cp.0_4                             0x00001bcc   Number         4  sequencer.o(.text.Timer_Init)
    __NVIC_ClearPendingIRQ                   0x00001bd1   Thumb Code    12  klaw.o(.text.__NVIC_ClearPendingIRQ)
    [Anonymous Symbol]                       0x00001bd0   Section        0  klaw.o(.text.__NVIC_ClearPendingIRQ)
    __NVIC_ClearPendingIRQ                   0x00001bdd   Thumb Code    12  main.o(.text.__NVIC_ClearPendingIRQ)
    [Anonymous Symbol]                       0x00001bdc   Section        0  main.o(.text.__NVIC_ClearPendingIRQ)
    __arm_cp.3_0                             0x00001be8   Number         4  main.o(.text.__NVIC_ClearPendingIRQ)
    __NVIC_EnableIRQ                         0x00001bed   Thumb Code    12  klaw.o(.text.__NVIC_EnableIRQ)
    [Anonymous Symbol]                       0x00001bec   Section        0  klaw.o(.text.__NVIC_EnableIRQ)
    __NVIC_EnableIRQ                         0x00001bf9   Thumb Code    12  sequencer.o(.text.__NVIC_EnableIRQ)
    [Anonymous Symbol]                       0x00001bf8   Section        0  sequencer.o(.text.__NVIC_EnableIRQ)
    __arm_cp.1_0                             0x00001c04   Number         4  sequencer.o(.text.__NVIC_EnableIRQ)
    __NVIC_SetPriority                       0x00001c09   Thumb Code    20  klaw.o(.text.__NVIC_SetPriority)
    [Anonymous Symbol]                       0x00001c08   Section        0  klaw.o(.text.__NVIC_SetPriority)
    __arm_cp.2_0                             0x00001c1c   Number         4  klaw.o(.text.__NVIC_SetPriority)
    __NVIC_SetPriority                       0x00001c21   Thumb Code    20  main.o(.text.__NVIC_SetPriority)
    [Anonymous Symbol]                       0x00001c20   Section        0  main.o(.text.__NVIC_SetPriority)
    __arm_cp.6_0                             0x00001c34   Number         4  main.o(.text.__NVIC_SetPriority)
    [Anonymous Symbol]                       0x00001c38   Section        0  i2c.o(.text.i2c_clr_IICIF)
    [Anonymous Symbol]                       0x00001c44   Section        0  i2c.o(.text.i2c_disable)
    [Anonymous Symbol]                       0x00001c50   Section        0  i2c.o(.text.i2c_enable)
    [Anonymous Symbol]                       0x00001c5c   Section        0  i2c.o(.text.i2c_m_start)
    [Anonymous Symbol]                       0x00001c68   Section        0  i2c.o(.text.i2c_m_stop)
    [Anonymous Symbol]                       0x00001c74   Section        0  i2c.o(.text.i2c_nack)
    [Anonymous Symbol]                       0x00001c80   Section        0  i2c.o(.text.i2c_rec)
    [Anonymous Symbol]                       0x00001c8c   Section        0  i2c.o(.text.i2c_recv)
    [Anonymous Symbol]                       0x00001c94   Section        0  i2c.o(.text.i2c_send)
    __arm_cp.5_0                             0x00001c9c   Number         4  i2c.o(.text.i2c_send)
    [Anonymous Symbol]                       0x00001ca0   Section        0  i2c.o(.text.i2c_tran)
    __arm_cp.3_0                             0x00001cac   Number         4  i2c.o(.text.i2c_tran)
    [Anonymous Symbol]                       0x00001cb0   Section        0  i2c.o(.text.i2c_wait)
    __arm_cp.6_0                             0x00001d00   Number         4  i2c.o(.text.i2c_wait)
    __arm_cp.6_1                             0x00001d04   Number         4  i2c.o(.text.i2c_wait)
    __arm_cp.6_2                             0x00001d08   Number         4  i2c.o(.text.i2c_wait)
    [Anonymous Symbol]                       0x00001d0c   Section        0  main.o(.text.main)
    __arm_cp.4_0                             0x00001e08   Number         4  main.o(.text.main)
    __arm_cp.4_1                             0x00001e0c   Number         4  main.o(.text.main)
    __arm_cp.4_3                             0x00001e14   Number         4  main.o(.text.main)
    __arm_cp.4_5                             0x00001e20   Number         4  main.o(.text.main)
    __arm_cp.4_7                             0x00001e2c   Number         4  main.o(.text.main)
    __arm_cp.4_8                             0x00001e30   Number         4  main.o(.text.main)
    __arm_cp.4_9                             0x00001e34   Number         4  main.o(.text.main)
    __arm_cp.4_10                            0x00001e38   Number         4  main.o(.text.main)
    __arm_cp.4_11                            0x00001e3c   Number         4  main.o(.text.main)
    __arm_cp.4_12                            0x00001e40   Number         4  main.o(.text.main)
    __arm_cp.4_13                            0x00001e44   Number         4  main.o(.text.main)
    __arm_cp.4_14                            0x00001e48   Number         4  main.o(.text.main)
    __arm_cp.4_15                            0x00001e4c   Number         4  main.o(.text.main)
    .text_divfast                            0x00001e50   Section      502  aeabi_sdivfast.o(.text_divfast)
    i.__ARM_common_ll_muluu                  0x00002046   Section        0  rred.o(i.__ARM_common_ll_muluu)
    i.__ARM_fpclassify                       0x00002078   Section        0  fpclassify.o(i.__ARM_fpclassify)
    i.__ieee754_rem_pio2                     0x000020a4   Section        0  rred.o(i.__ieee754_rem_pio2)
    i.__kernel_cos                           0x00002440   Section        0  cos_i.o(i.__kernel_cos)
    i.__kernel_poly                          0x00002534   Section        0  poly.o(i.__kernel_poly)
    i.__kernel_sin                           0x000025e0   Section        0  sin_i.o(i.__kernel_sin)
    i.__mathlib_dbl_infnan                   0x000026cc   Section        0  dunder.o(i.__mathlib_dbl_infnan)
    i.__mathlib_dbl_invalid                  0x000026d6   Section        0  dunder.o(i.__mathlib_dbl_invalid)
    i.__mathlib_dbl_underflow                0x000026e8   Section        0  dunder.o(i.__mathlib_dbl_underflow)
    i._is_digit                              0x000026fc   Section        0  __printf_wp.o(i._is_digit)
    i.sin                                    0x0000270c   Section        0  sin.o(i.sin)
    maptable                                 0x000027a8   Data          17  __printf_flags_wp.o(.constdata)
    .constdata                               0x000027a8   Section       17  __printf_flags_wp.o(.constdata)
    C                                        0x000027c0   Data          48  cos_i.o(.constdata)
    .constdata                               0x000027c0   Section       48  cos_i.o(.constdata)
    pio2s                                    0x000027f0   Data          48  rred.o(.constdata)
    .constdata                               0x000027f0   Section      204  rred.o(.constdata)
    twooverpi                                0x00002820   Data         156  rred.o(.constdata)
    S                                        0x000028c0   Data          40  sin_i.o(.constdata)
    .constdata                               0x000028c0   Section       40  sin_i.o(.constdata)
    ddiv_reciptbl                            0x000028e8   Data         128  ddiv.o(.constdata)
    .constdata                               0x000028e8   Section      128  ddiv.o(.constdata)
    [Anonymous Symbol]                       0x00002a68   Section        0  main.o(.rodata.cst4)
    lcd_backlight                            0x1ffffc09   Data           1  lcd1602.o(.data.lcd_backlight)
    [Anonymous Symbol]                       0x1ffffc09   Section        0  lcd1602.o(.data.lcd_backlight)
    .bss                                     0x1ffffc10   Section       96  libspace.o(.bss)
    error                                    0x1ffffd05   Data           1  i2c.o(.bss.error)
    [Anonymous Symbol]                       0x1ffffd05   Section        0  i2c.o(.bss.error)
    pcf_address                              0x1ffffd07   Data           1  lcd1602.o(.bss.pcf_address)
    [Anonymous Symbol]                       0x1ffffd07   Section        0  lcd1602.o(.bss.pcf_address)
    Heap_Mem                                 0x1ffffd30   Data           0  startup_mkl05z4.o(HEAP)
    Stack_Mem                                0x1ffffd30   Data         768  startup_mkl05z4.o(STACK)
    HEAP                                     0x1ffffd30   Section        0  startup_mkl05z4.o(HEAP)
    STACK                                    0x1ffffd30   Section      768  startup_mkl05z4.o(STACK)
    __initial_sp                             0x20000030   Data           0  startup_mkl05z4.o(STACK)

    Global Symbols

    Symbol Name                              Value     Ov Type        Size  Object(Section)

    BuildAttributes$$THM_ISAv3M$S$PE$A:L22$X:L11$S22$IEEE1$IW$~IW$USESV6$~STKCKD$USESV7$~SHL$OTIME$ROPI$IEEEX$EBA8$UX$STANDARDLIB$REQ8$PRES8$EABIv2 0x00000000   Number         0  anon$$obj.o ABSOLUTE
    __Vectors                                0x00000000   Data           4  startup_mkl05z4.o(RESET)
    _printf_flags                            0x00000000   Number         0  printf_stubs.o ABSOLUTE
    _printf_return_value                     0x00000000   Number         0  printf_stubs.o ABSOLUTE
    _printf_sizespec                         0x00000000   Number         0  printf_stubs.o ABSOLUTE
    _printf_widthprec                        0x00000000   Number         0  printf_stubs.o ABSOLUTE
    __ARM_exceptions_init                     - Undefined Weak Reference
    __alloca_initialize                       - Undefined Weak Reference
    __arm_preinit_                            - Undefined Weak Reference
    __cpp_initialize__aeabi_                  - Undefined Weak Reference
    __cxa_finalize                            - Undefined Weak Reference
    __rt_locale                               - Undefined Weak Reference
    __sigvec_lookup                           - Undefined Weak Reference
    _atexit_init                              - Undefined Weak Reference
    _call_atexit_fns                          - Undefined Weak Reference
    _clock_init                               - Undefined Weak Reference
    _fp_trap_init                             - Undefined Weak Reference
    _fp_trap_shutdown                         - Undefined Weak Reference
    _get_lc_collate                           - Undefined Weak Reference
    _get_lc_ctype                             - Undefined Weak Reference
    _get_lc_monetary                          - Undefined Weak Reference
    _get_lc_numeric                           - Undefined Weak Reference
    _get_lc_time                              - Undefined Weak Reference
    _getenv_init                              - Undefined Weak Reference
    _handle_redirection                       - Undefined Weak Reference
    _init_alloc                               - Undefined Weak Reference
    _init_user_alloc                          - Undefined Weak Reference
    _initio                                   - Undefined Weak Reference
    _printf_truncate_signed                   - Undefined Weak Reference
    _printf_truncate_unsigned                 - Undefined Weak Reference
    _rand_init                                - Undefined Weak Reference
    _signal_finish                            - Undefined Weak Reference
    _signal_init                              - Undefined Weak Reference
    _terminate_alloc                          - Undefined Weak Reference
    _terminate_user_alloc                     - Undefined Weak Reference
    _terminateio                              - Undefined Weak Reference
    __Vectors_End                            0x000000c0   Data           0  startup_mkl05z4.o(RESET)
    __Vectors_Size                           0x000000c0   Number         0  startup_mkl05z4.o ABSOLUTE
    __main                                   0x000000c1   Thumb Code     8  __main.o(!!!main)
    __scatterload                            0x000000c9   Thumb Code     0  __scatter.o(!!!scatter)
    __scatterload_rt2                        0x000000c9   Thumb Code    52  __scatter.o(!!!scatter)
    __scatterload_rt2_thumb_only             0x000000c9   Thumb Code     0  __scatter.o(!!!scatter)
    __scatterload_null                       0x000000d9   Thumb Code     0  __scatter.o(!!!scatter)
    __scatterload_copy                       0x00000105   Thumb Code    26  __scatter_copy.o(!!handler_copy)
    __scatterload_zeroinit                   0x00000121   Thumb Code    28  __scatter_zi.o(!!handler_zi)
    _printf_percent                          0x0000013d   Thumb Code     0  _printf_percent.o(.ARM.Collect$$_printf_percent$$00000000)
    _printf_d                                0x0000013f   Thumb Code     0  _printf_d.o(.ARM.Collect$$_printf_percent$$00000009)
    _printf_percent_end                      0x00000149   Thumb Code     0  _printf_percent_end.o(.ARM.Collect$$_printf_percent$$00000017)
    __rt_lib_init                            0x0000014d   Thumb Code     0  libinit.o(.ARM.Collect$$libinit$$00000000)
    __rt_lib_init_alloca_1                   0x0000014f   Thumb Code     0  libinit2.o(.ARM.Collect$$libinit$$0000002E)
    __rt_lib_init_argv_1                     0x0000014f   Thumb Code     0  libinit2.o(.ARM.Collect$$libinit$$0000002C)
    __rt_lib_init_atexit_1                   0x0000014f   Thumb Code     0  libinit2.o(.ARM.Collect$$libinit$$0000001B)
    __rt_lib_init_clock_1                    0x0000014f   Thumb Code     0  libinit2.o(.ARM.Collect$$libinit$$00000021)
    __rt_lib_init_cpp_1                      0x0000014f   Thumb Code     0  libinit2.o(.ARM.Collect$$libinit$$00000032)
    __rt_lib_init_exceptions_1               0x0000014f   Thumb Code     0  libinit2.o(.ARM.Collect$$libinit$$00000030)
    __rt_lib_init_fp_1                       0x0000014f   Thumb Code     0  libinit2.o(.ARM.Collect$$libinit$$00000002)
    __rt_lib_init_fp_trap_1                  0x0000014f   Thumb Code     0  libinit2.o(.ARM.Collect$$libinit$$0000001F)
    __rt_lib_init_getenv_1                   0x0000014f   Thumb Code     0  libinit2.o(.ARM.Collect$$libinit$$00000023)
    __rt_lib_init_heap_1                     0x0000014f   Thumb Code     0  libinit2.o(.ARM.Collect$$libinit$$0000000A)
    __rt_lib_init_lc_collate_1               0x0000014f   Thumb Code     0  libinit2.o(.ARM.Collect$$libinit$$00000011)
    __rt_lib_init_lc_ctype_1                 0x0000014f   Thumb Code     0  libinit2.o(.ARM.Collect$$libinit$$00000013)
    __rt_lib_init_lc_monetary_1              0x0000014f   Thumb Code     0  libinit2.o(.ARM.Collect$$libinit$$00000015)
    __rt_lib_init_lc_numeric_1               0x0000014f   Thumb Code     0  libinit2.o(.ARM.Collect$$libinit$$00000017)
    __rt_lib_init_lc_time_1                  0x0000014f   Thumb Code     0  libinit2.o(.ARM.Collect$$libinit$$00000019)
    __rt_lib_init_preinit_1                  0x0000014f   Thumb Code     0  libinit2.o(.ARM.Collect$$libinit$$00000004)
    __rt_lib_init_rand_1                     0x0000014f   Thumb Code     0  libinit2.o(.ARM.Collect$$libinit$$0000000E)
    __rt_lib_init_return                     0x0000014f   Thumb Code     0  libinit2.o(.ARM.Collect$$libinit$$00000033)
    __rt_lib_init_signal_1                   0x0000014f   Thumb Code     0  libinit2.o(.ARM.Collect$$libinit$$0000001D)
    __rt_lib_init_stdio_1                    0x0000014f   Thumb Code     0  libinit2.o(.ARM.Collect$$libinit$$00000025)
    __rt_lib_init_user_alloc_1               0x0000014f   Thumb Code     0  libinit2.o(.ARM.Collect$$libinit$$0000000C)
    __rt_lib_shutdown                        0x00000151   Thumb Code     0  libshutdown.o(.ARM.Collect$$libshutdown$$00000000)
    __rt_lib_shutdown_cpp_1                  0x00000153   Thumb Code     0  libshutdown2.o(.ARM.Collect$$libshutdown$$00000002)
    __rt_lib_shutdown_fp_trap_1              0x00000153   Thumb Code     0  libshutdown2.o(.ARM.Collect$$libshutdown$$00000007)
    __rt_lib_shutdown_heap_1                 0x00000153   Thumb Code     0  libshutdown2.o(.ARM.Collect$$libshutdown$$0000000F)
    __rt_lib_shutdown_return                 0x00000153   Thumb Code     0  libshutdown2.o(.ARM.Collect$$libshutdown$$00000010)
    __rt_lib_shutdown_signal_1               0x00000153   Thumb Code     0  libshutdown2.o(.ARM.Collect$$libshutdown$$0000000A)
    __rt_lib_shutdown_stdio_1                0x00000153   Thumb Code     0  libshutdown2.o(.ARM.Collect$$libshutdown$$00000004)
    __rt_lib_shutdown_user_alloc_1           0x00000153   Thumb Code     0  libshutdown2.o(.ARM.Collect$$libshutdown$$0000000C)
    __rt_entry                               0x00000155   Thumb Code     0  __rtentry.o(.ARM.Collect$$rtentry$$00000000)
    __rt_entry_presh_1                       0x00000155   Thumb Code     0  __rtentry2.o(.ARM.Collect$$rtentry$$00000002)
    __rt_entry_sh                            0x00000155   Thumb Code     0  __rtentry4.o(.ARM.Collect$$rtentry$$00000004)
    __rt_entry_li                            0x0000015b   Thumb Code     0  __rtentry2.o(.ARM.Collect$$rtentry$$0000000A)
    __rt_entry_postsh_1                      0x0000015b   Thumb Code     0  __rtentry2.o(.ARM.Collect$$rtentry$$00000009)
    __rt_entry_main                          0x0000015f   Thumb Code     0  __rtentry2.o(.ARM.Collect$$rtentry$$0000000D)
    __rt_entry_postli_1                      0x0000015f   Thumb Code     0  __rtentry2.o(.ARM.Collect$$rtentry$$0000000C)
    __rt_exit                                0x00000167   Thumb Code     0  rtexit.o(.ARM.Collect$$rtexit$$00000000)
    __rt_exit_ls                             0x00000169   Thumb Code     0  rtexit2.o(.ARM.Collect$$rtexit$$00000003)
    __rt_exit_prels_1                        0x00000169   Thumb Code     0  rtexit2.o(.ARM.Collect$$rtexit$$00000002)
    __rt_exit_exit                           0x0000016d   Thumb Code     0  rtexit2.o(.ARM.Collect$$rtexit$$00000004)
    Reset_Handler                            0x00000175   Thumb Code     8  startup_mkl05z4.o(.text)
    NMI_Handler                              0x0000017d   Thumb Code     2  startup_mkl05z4.o(.text)
    HardFault_Handler                        0x0000017f   Thumb Code     2  startup_mkl05z4.o(.text)
    SVC_Handler                              0x00000181   Thumb Code     2  startup_mkl05z4.o(.text)
    PendSV_Handler                           0x00000183   Thumb Code     2  startup_mkl05z4.o(.text)
    ADC0_IRQHandler                          0x00000187   Thumb Code     0  startup_mkl05z4.o(.text)
    CMP0_IRQHandler                          0x00000187   Thumb Code     0  startup_mkl05z4.o(.text)
    DAC0_IRQHandler                          0x00000187   Thumb Code     0  startup_mkl05z4.o(.text)
    DMA0_IRQHandler                          0x00000187   Thumb Code     0  startup_mkl05z4.o(.text)
    DMA1_IRQHandler                          0x00000187   Thumb Code     0  startup_mkl05z4.o(.text)
    DMA2_IRQHandler                          0x00000187   Thumb Code     0  startup_mkl05z4.o(.text)
    DMA3_IRQHandler                          0x00000187   Thumb Code     0  startup_mkl05z4.o(.text)
    DefaultISR                               0x00000187   Thumb Code     0  startup_mkl05z4.o(.text)
    FTFA_IRQHandler                          0x00000187   Thumb Code     0  startup_mkl05z4.o(.text)
    I2C0_IRQHandler                          0x00000187   Thumb Code     0  startup_mkl05z4.o(.text)
    LLW_IRQHandler                           0x00000187   Thumb Code     0  startup_mkl05z4.o(.text)
    LPTimer_IRQHandler                       0x00000187   Thumb Code     0  startup_mkl05z4.o(.text)
    LVD_LVW_IRQHandler                       0x00000187   Thumb Code     0  startup_mkl05z4.o(.text)
    MCG_IRQHandler                           0x00000187   Thumb Code     0  startup_mkl05z4.o(.text)
    PORTB_IRQHandler                         0x00000187   Thumb Code     0  startup_mkl05z4.o(.text)
    RTC_IRQHandler                           0x00000187   Thumb Code     0  startup_mkl05z4.o(.text)
    RTC_Seconds_IRQHandler                   0x00000187   Thumb Code     0  startup_mkl05z4.o(.text)
    Reserved20_IRQHandler                    0x00000187   Thumb Code     0  startup_mkl05z4.o(.text)
    Reserved25_IRQHandler                    0x00000187   Thumb Code     0  startup_mkl05z4.o(.text)
    Reserved27_IRQHandler                    0x00000187   Thumb Code     0  startup_mkl05z4.o(.text)
    Reserved29_IRQHandler                    0x00000187   Thumb Code     0  startup_mkl05z4.o(.text)
    Reserved30_IRQHandler                    0x00000187   Thumb Code     0  startup_mkl05z4.o(.text)
    Reserved35_IRQHandler                    0x00000187   Thumb Code     0  startup_mkl05z4.o(.text)
    Reserved39_IRQHandler                    0x00000187   Thumb Code     0  startup_mkl05z4.o(.text)
    Reserved40_IRQHandler                    0x00000187   Thumb Code     0  startup_mkl05z4.o(.text)
    Reserved45_IRQHandler                    0x00000187   Thumb Code     0  startup_mkl05z4.o(.text)
    SPI0_IRQHandler                          0x00000187   Thumb Code     0  startup_mkl05z4.o(.text)
    TPM0_IRQHandler                          0x00000187   Thumb Code     0  startup_mkl05z4.o(.text)
    TPM1_IRQHandler                          0x00000187   Thumb Code     0  startup_mkl05z4.o(.text)
    TSI0_IRQHandler                          0x00000187   Thumb Code     0  startup_mkl05z4.o(.text)
    UART0_IRQHandler                         0x00000187   Thumb Code     0  startup_mkl05z4.o(.text)
    __user_initial_stackheap                 0x00000189   Thumb Code     0  startup_mkl05z4.o(.text)
    __2sprintf                               0x000001a9   Thumb Code    36  noretval__2sprintf.o(.text)
    _printf_pre_padding                      0x000001d1   Thumb Code    44  _printf_pad.o(.text)
    _printf_post_padding                     0x000001fd   Thumb Code    34  _printf_pad.o(.text)
    _printf_int_dec                          0x00000221   Thumb Code    90  _printf_dec.o(.text)
    __printf                                 0x0000028d   Thumb Code   306  __printf_flags_wp.o(.text)
    __use_two_region_memory                  0x000003c5   Thumb Code     2  heapauxi.o(.text)
    __rt_heap_escrow$2region                 0x000003c7   Thumb Code     2  heapauxi.o(.text)
    __rt_heap_expand$2region                 0x000003c9   Thumb Code     2  heapauxi.o(.text)
    __read_errno                             0x000003cb   Thumb Code    10  _rserrno.o(.text)
    __set_errno                              0x000003d5   Thumb Code    12  _rserrno.o(.text)
    _sputc                                   0x000003e1   Thumb Code    10  _sputc.o(.text)
    __aeabi_errno_addr                       0x000003ed   Thumb Code     8  rt_errno_addr_intlibspace.o(.text)
    __errno$intlibspace                      0x000003ed   Thumb Code     0  rt_errno_addr_intlibspace.o(.text)
    __rt_errno_addr$intlibspace              0x000003ed   Thumb Code     0  rt_errno_addr_intlibspace.o(.text)
    __user_libspace                          0x000003f5   Thumb Code     8  libspace.o(.text)
    __user_perproc_libspace                  0x000003f5   Thumb Code     0  libspace.o(.text)
    __user_perthread_libspace                0x000003f5   Thumb Code     0  libspace.o(.text)
    __I$use$semihosting                      0x000003fd   Thumb Code     0  use_no_semi.o(.text)
    __use_no_semihosting_swi                 0x000003fd   Thumb Code     2  use_no_semi.o(.text)
    __I$use$fp                               0x000003fe   Number         0  usenofp.o(x$fpl$usenofp)
    __semihosting_library_function           0x000003ff   Thumb Code     0  indicate_semi.o(.text)
    __aeabi_d2iz                             0x00000411   Thumb Code     0  dfixi.o(.text)
    _dfix                                    0x00000411   Thumb Code    98  dfixi.o(.text)
    __aeabi_i2d_normalise                    0x0000047d   Thumb Code    66  dflti.o(.text)
    __aeabi_i2d                              0x000004bf   Thumb Code    16  dflti.o(.text)
    _dflt                                    0x000004bf   Thumb Code     0  dflti.o(.text)
    __aeabi_ui2d                             0x000004cf   Thumb Code     6  dflti.o(.text)
    _dfltu                                   0x000004cf   Thumb Code     0  dflti.o(.text)
    __aeabi_dmul                             0x000004d5   Thumb Code     0  dmul.o(.text)
    _dmul                                    0x000004d5   Thumb Code   558  dmul.o(.text)
    _printf_int_common                       0x0000071d   Thumb Code   176  _printf_intcommon.o(.text)
    _printf_char_common                      0x000007d7   Thumb Code    32  _printf_char_common.o(.text)
    __rt_udiv10                              0x000007fd   Thumb Code    40  rtudiv10.o(.text)
    __aeabi_dadd                             0x00000b1d   Thumb Code     0  daddsub.o(.text)
    _dadd                                    0x00000b1d   Thumb Code    26  daddsub.o(.text)
    __aeabi_dsub                             0x00000b37   Thumb Code     0  daddsub.o(.text)
    _dsub                                    0x00000b37   Thumb Code    22  daddsub.o(.text)
    __aeabi_drsub                            0x00000b4d   Thumb Code     0  daddsub.o(.text)
    _drsb                                    0x00000b4d   Thumb Code    28  daddsub.o(.text)
    __aeabi_ddiv                             0x00000b7d   Thumb Code     0  ddiv.o(.text)
    _ddiv                                    0x00000b7d   Thumb Code  1072  ddiv.o(.text)
    _drdiv                                   0x00000fad   Thumb Code    20  ddiv.o(.text)
    __ARM_scalbn                             0x00000fc5   Thumb Code    84  dscalbn.o(.text)
    __user_setup_stackheap                   0x00001025   Thumb Code    62  sys_stackheap_outer.o(.text)
    exit                                     0x00001063   Thumb Code    16  exit.o(.text)
    _sys_exit                                0x00001075   Thumb Code     8  sys_exit.o(.text)
    DAC_Init                                 0x00001081   Thumb Code    72  dac.o(.text.DAC_Init)
    DAC_Load_Trig                            0x000010d1   Thumb Code    44  dac.o(.text.DAC_Load_Trig)
    Display                                  0x00001105   Thumb Code    40  display.o(.text.Display)
    I2C_Init                                 0x00001135   Thumb Code    64  i2c.o(.text.I2C_Init)
    I2C_Read                                 0x00001181   Thumb Code    76  i2c.o(.text.I2C_Read)
    I2C_Write                                0x000011d1   Thumb Code    60  i2c.o(.text.I2C_Write)
    Key_Event                                0x00001211   Thumb Code   404  sequencer.o(.text.Key_Event)
    Klaw_Init                                0x000013cd   Thumb Code   100  klaw.o(.text.Klaw_Init)
    Klaw_Inter                               0x0000143d   Thumb Code    48  klaw.o(.text.Klaw_Inter)
    LCD1602_BF_AC                            0x00001471   Thumb Code   200  lcd1602.o(.text.LCD1602_BF_AC)
    LCD1602_Backlight                        0x00001539   Thumb Code    16  lcd1602.o(.text.LCD1602_Backlight)
    LCD1602_CheckAddress                     0x00001549   Thumb Code    40  lcd1602.o(.text.LCD1602_CheckAddress)
    LCD1602_ClearAll                         0x00001571   Thumb Code    12  lcd1602.o(.text.LCD1602_ClearAll)
    LCD1602_Init                             0x0000157d   Thumb Code    72  lcd1602.o(.text.LCD1602_Init)
    LCD1602_Print                            0x000015c9   Thumb Code    32  lcd1602.o(.text.LCD1602_Print)
    LCD1602_SetCursor                        0x000015e9   Thumb Code    30  lcd1602.o(.text.LCD1602_SetCursor)
    LCD1602_Write4                           0x00001607   Thumb Code    26  lcd1602.o(.text.LCD1602_Write4)
    LCD1602_Write8                           0x00001621   Thumb Code    40  lcd1602.o(.text.LCD1602_Write8)
    LED_Init                                 0x00001649   Thumb Code    56  leds.o(.text.LED_Init)
    PCF8574_Write                            0x0000168d   Thumb Code    36  lcd1602.o(.text.PCF8574_Write)
    PIT_IRQHandler                           0x000016b9   Thumb Code   120  main.o(.text.PIT_IRQHandler)
    PORTA_IRQHandler                         0x00001745   Thumb Code   516  main.o(.text.PORTA_IRQHandler)
    Sequencer_Update                         0x0000196d   Thumb Code   204  sequencer.o(.text.Sequencer_Update)
    SysTick_Handler                          0x00001a6d   Thumb Code   160  main.o(.text.SysTick_Handler)
    SystemInit                               0x00001b39   Thumb Code    60  system_mkl05z4.o(.text.SystemInit)
    Timer_Init                               0x00001b85   Thumb Code    60  sequencer.o(.text.Timer_Init)
    i2c_clr_IICIF                            0x00001c39   Thumb Code    12  i2c.o(.text.i2c_clr_IICIF)
    i2c_disable                              0x00001c45   Thumb Code    12  i2c.o(.text.i2c_disable)
    i2c_enable                               0x00001c51   Thumb Code    12  i2c.o(.text.i2c_enable)
    i2c_m_start                              0x00001c5d   Thumb Code    12  i2c.o(.text.i2c_m_start)
    i2c_m_stop                               0x00001c69   Thumb Code    12  i2c.o(.text.i2c_m_stop)
    i2c_nack                                 0x00001c75   Thumb Code    12  i2c.o(.text.i2c_nack)
    i2c_rec                                  0x00001c81   Thumb Code    12  i2c.o(.text.i2c_rec)
    i2c_recv                                 0x00001c8d   Thumb Code     8  i2c.o(.text.i2c_recv)
    i2c_send                                 0x00001c95   Thumb Code     8  i2c.o(.text.i2c_send)
    i2c_tran                                 0x00001ca1   Thumb Code    12  i2c.o(.text.i2c_tran)
    i2c_wait                                 0x00001cb1   Thumb Code    80  i2c.o(.text.i2c_wait)
    main                                     0x00001d0d   Thumb Code   252  main.o(.text.main)
    __aeabi_uidiv                            0x00001e51   Thumb Code    68  aeabi_sdivfast.o(.text_divfast)
    __aeabi_idiv                             0x00001e95   Thumb Code   434  aeabi_sdivfast.o(.text_divfast)
    __ARM_common_ll_muluu                    0x00002047   Thumb Code    50  rred.o(i.__ARM_common_ll_muluu)
    __ARM_fpclassify                         0x00002079   Thumb Code    40  fpclassify.o(i.__ARM_fpclassify)
    __ieee754_rem_pio2                       0x000020a5   Thumb Code   838  rred.o(i.__ieee754_rem_pio2)
    __kernel_cos                             0x00002441   Thumb Code   224  cos_i.o(i.__kernel_cos)
    __kernel_poly                            0x00002535   Thumb Code   172  poly.o(i.__kernel_poly)
    __kernel_sin                             0x000025e1   Thumb Code   222  sin_i.o(i.__kernel_sin)
    __mathlib_dbl_infnan                     0x000026cd   Thumb Code    10  dunder.o(i.__mathlib_dbl_infnan)
    __mathlib_dbl_invalid                    0x000026d7   Thumb Code    16  dunder.o(i.__mathlib_dbl_invalid)
    __mathlib_dbl_underflow                  0x000026e9   Thumb Code    14  dunder.o(i.__mathlib_dbl_underflow)
    _is_digit                                0x000026fd   Thumb Code    14  __printf_wp.o(i._is_digit)
    sin                                      0x0000270d   Thumb Code   146  sin.o(i.sin)
    Sawtooth                                 0x00002968   Data         128  sequencer.o(.rodata.Sawtooth)
    Triangle                                 0x000029e8   Data         128  sequencer.o(.rodata.Triangle)
    Region$$Table$$Base                      0x00002a6c   Number         0  anon$$obj.o(Region$$Table)
    Region$$Table$$Limit                     0x00002a8c   Number         0  anon$$obj.o(Region$$Table)
    DIV_CORE                                 0x1ffffc00   Data           2  main.o(.data.DIV_CORE)
    SystemCoreClock                          0x1ffffc04   Data           4  system_mkl05z4.o(.data.SystemCoreClock)
    bpm                                      0x1ffffc08   Data           1  sequencer.o(.data.bpm)
    __libspace_start                         0x1ffffc10   Data          96  libspace.o(.bss)
    Pin_press                                0x1ffffc70   Data          16  klaw.o(.bss.Pin_press)
    __temporary_stack_top$libspace           0x1ffffc70   Data           0  libspace.o(.bss)
    Sinus                                    0x1ffffc80   Data         128  sequencer.o(.bss.Sinus)
    clear                                    0x1ffffd00   Data           1  sequencer.o(.bss.clear)
    current_step                             0x1ffffd01   Data           1  sequencer.o(.bss.current_step)
    dac                                      0x1ffffd02   Data           2  main.o(.bss.dac)
    dummy                                    0x1ffffd04   Data           1  i2c.o(.bss.dummy)
    n                                        0x1ffffd06   Data           1  main.o(.bss.n)
    play                                     0x1ffffd08   Data           1  sequencer.o(.bss.play)
    play_duration                            0x1ffffd0a   Data           2  main.o(.bss.play_duration)
    play_saw                                 0x1ffffd0c   Data           1  sequencer.o(.bss.play_saw)
    play_sine                                0x1ffffd0d   Data           1  sequencer.o(.bss.play_sine)
    play_tri                                 0x1ffffd0e   Data           1  sequencer.o(.bss.play_tri)
    sequencer                                0x1ffffd10   Data          24  sequencer.o(.bss.sequencer)
    trig                                     0x1ffffd28   Data           1  main.o(.bss.trig)
    wave                                     0x1ffffd29   Data           1  sequencer.o(.bss.wave)
    write                                    0x1ffffd2a   Data           1  sequencer.o(.bss.write)



==============================================================================

Memory Map of the image

  Image Entry point : 0x000000c1

  Load Region LR_IROM1 (Base: 0x00000000, Size: 0x00002aa0, Max: 0x00008000, ABSOLUTE)

    Execution Region ER_IROM1 (Exec base: 0x00000000, Load base: 0x00000000, Size: 0x00002a8c, Max: 0x00008000, ABSOLUTE)

    Exec Addr    Load Addr    Size         Type   Attr      Idx    E Section Name        Object

    0x00000000   0x00000000   0x000000c0   Data   RO          213    RESET               startup_mkl05z4.o
    0x000000c0   0x000000c0   0x00000008   Code   RO          280  * !!!main             c_p.l(__main.o)
    0x000000c8   0x000000c8   0x0000003c   Code   RO          522    !!!scatter          c_p.l(__scatter.o)
    0x00000104   0x00000104   0x0000001a   Code   RO          524    !!handler_copy      c_p.l(__scatter_copy.o)
    0x0000011e   0x0000011e   0x00000002   PAD
    0x00000120   0x00000120   0x0000001c   Code   RO          526    !!handler_zi        c_p.l(__scatter_zi.o)
    0x0000013c   0x0000013c   0x00000002   Code   RO          269    .ARM.Collect$$_printf_percent$$00000000  c_p.l(_printf_percent.o)
    0x0000013e   0x0000013e   0x0000000a   Code   RO          268    .ARM.Collect$$_printf_percent$$00000009  c_p.l(_printf_d.o)
    0x00000148   0x00000148   0x00000004   Code   RO          305    .ARM.Collect$$_printf_percent$$00000017  c_p.l(_printf_percent_end.o)
    0x0000014c   0x0000014c   0x00000002   Code   RO          388    .ARM.Collect$$libinit$$00000000  c_p.l(libinit.o)
    0x0000014e   0x0000014e   0x00000000   Code   RO          399    .ARM.Collect$$libinit$$00000002  c_p.l(libinit2.o)
    0x0000014e   0x0000014e   0x00000000   Code   RO          401    .ARM.Collect$$libinit$$00000004  c_p.l(libinit2.o)
    0x0000014e   0x0000014e   0x00000000   Code   RO          404    .ARM.Collect$$libinit$$0000000A  c_p.l(libinit2.o)
    0x0000014e   0x0000014e   0x00000000   Code   RO          406    .ARM.Collect$$libinit$$0000000C  c_p.l(libinit2.o)
    0x0000014e   0x0000014e   0x00000000   Code   RO          408    .ARM.Collect$$libinit$$0000000E  c_p.l(libinit2.o)
    0x0000014e   0x0000014e   0x00000000   Code   RO          411    .ARM.Collect$$libinit$$00000011  c_p.l(libinit2.o)
    0x0000014e   0x0000014e   0x00000000   Code   RO          413    .ARM.Collect$$libinit$$00000013  c_p.l(libinit2.o)
    0x0000014e   0x0000014e   0x00000000   Code   RO          415    .ARM.Collect$$libinit$$00000015  c_p.l(libinit2.o)
    0x0000014e   0x0000014e   0x00000000   Code   RO          417    .ARM.Collect$$libinit$$00000017  c_p.l(libinit2.o)
    0x0000014e   0x0000014e   0x00000000   Code   RO          419    .ARM.Collect$$libinit$$00000019  c_p.l(libinit2.o)
    0x0000014e   0x0000014e   0x00000000   Code   RO          421    .ARM.Collect$$libinit$$0000001B  c_p.l(libinit2.o)
    0x0000014e   0x0000014e   0x00000000   Code   RO          423    .ARM.Collect$$libinit$$0000001D  c_p.l(libinit2.o)
    0x0000014e   0x0000014e   0x00000000   Code   RO          425    .ARM.Collect$$libinit$$0000001F  c_p.l(libinit2.o)
    0x0000014e   0x0000014e   0x00000000   Code   RO          427    .ARM.Collect$$libinit$$00000021  c_p.l(libinit2.o)
    0x0000014e   0x0000014e   0x00000000   Code   RO          429    .ARM.Collect$$libinit$$00000023  c_p.l(libinit2.o)
    0x0000014e   0x0000014e   0x00000000   Code   RO          431    .ARM.Collect$$libinit$$00000025  c_p.l(libinit2.o)
    0x0000014e   0x0000014e   0x00000000   Code   RO          435    .ARM.Collect$$libinit$$0000002C  c_p.l(libinit2.o)
    0x0000014e   0x0000014e   0x00000000   Code   RO          437    .ARM.Collect$$libinit$$0000002E  c_p.l(libinit2.o)
    0x0000014e   0x0000014e   0x00000000   Code   RO          439    .ARM.Collect$$libinit$$00000030  c_p.l(libinit2.o)
    0x0000014e   0x0000014e   0x00000000   Code   RO          441    .ARM.Collect$$libinit$$00000032  c_p.l(libinit2.o)
    0x0000014e   0x0000014e   0x00000002   Code   RO          442    .ARM.Collect$$libinit$$00000033  c_p.l(libinit2.o)
    0x00000150   0x00000150   0x00000002   Code   RO          477    .ARM.Collect$$libshutdown$$00000000  c_p.l(libshutdown.o)
    0x00000152   0x00000152   0x00000000   Code   RO          505    .ARM.Collect$$libshutdown$$00000002  c_p.l(libshutdown2.o)
    0x00000152   0x00000152   0x00000000   Code   RO          507    .ARM.Collect$$libshutdown$$00000004  c_p.l(libshutdown2.o)
    0x00000152   0x00000152   0x00000000   Code   RO          510    .ARM.Collect$$libshutdown$$00000007  c_p.l(libshutdown2.o)
    0x00000152   0x00000152   0x00000000   Code   RO          513    .ARM.Collect$$libshutdown$$0000000A  c_p.l(libshutdown2.o)
    0x00000152   0x00000152   0x00000000   Code   RO          515    .ARM.Collect$$libshutdown$$0000000C  c_p.l(libshutdown2.o)
    0x00000152   0x00000152   0x00000000   Code   RO          518    .ARM.Collect$$libshutdown$$0000000F  c_p.l(libshutdown2.o)
    0x00000152   0x00000152   0x00000002   Code   RO          519    .ARM.Collect$$libshutdown$$00000010  c_p.l(libshutdown2.o)
    0x00000154   0x00000154   0x00000000   Code   RO          292    .ARM.Collect$$rtentry$$00000000  c_p.l(__rtentry.o)
    0x00000154   0x00000154   0x00000000   Code   RO          337    .ARM.Collect$$rtentry$$00000002  c_p.l(__rtentry2.o)
    0x00000154   0x00000154   0x00000006   Code   RO          349    .ARM.Collect$$rtentry$$00000004  c_p.l(__rtentry4.o)
    0x0000015a   0x0000015a   0x00000000   Code   RO          339    .ARM.Collect$$rtentry$$00000009  c_p.l(__rtentry2.o)
    0x0000015a   0x0000015a   0x00000004   Code   RO          340    .ARM.Collect$$rtentry$$0000000A  c_p.l(__rtentry2.o)
    0x0000015e   0x0000015e   0x00000000   Code   RO          342    .ARM.Collect$$rtentry$$0000000C  c_p.l(__rtentry2.o)
    0x0000015e   0x0000015e   0x00000008   Code   RO          343    .ARM.Collect$$rtentry$$0000000D  c_p.l(__rtentry2.o)
    0x00000166   0x00000166   0x00000002   Code   RO          390    .ARM.Collect$$rtexit$$00000000  c_p.l(rtexit.o)
    0x00000168   0x00000168   0x00000000   Code   RO          448    .ARM.Collect$$rtexit$$00000002  c_p.l(rtexit2.o)
    0x00000168   0x00000168   0x00000004   Code   RO          449    .ARM.Collect$$rtexit$$00000003  c_p.l(rtexit2.o)
    0x0000016c   0x0000016c   0x00000006   Code   RO          450    .ARM.Collect$$rtexit$$00000004  c_p.l(rtexit2.o)
    0x00000172   0x00000172   0x00000002   PAD
    0x00000174   0x00000174   0x00000034   Code   RO          215    .text               startup_mkl05z4.o
    0x000001a8   0x000001a8   0x00000028   Code   RO          240    .text               c_p.l(noretval__2sprintf.o)
    0x000001d0   0x000001d0   0x0000004e   Code   RO          244    .text               c_p.l(_printf_pad.o)
    0x0000021e   0x0000021e   0x00000002   PAD
    0x00000220   0x00000220   0x0000006c   Code   RO          246    .text               c_p.l(_printf_dec.o)
    0x0000028c   0x0000028c   0x00000138   Code   RO          260    .text               c_p.l(__printf_flags_wp.o)
    0x000003c4   0x000003c4   0x00000006   Code   RO          278    .text               c_p.l(heapauxi.o)
    0x000003ca   0x000003ca   0x00000016   Code   RO          297    .text               c_p.l(_rserrno.o)
    0x000003e0   0x000003e0   0x0000000a   Code   RO          303    .text               c_p.l(_sputc.o)
    0x000003ea   0x000003ea   0x00000002   PAD
    0x000003ec   0x000003ec   0x00000008   Code   RO          356    .text               c_p.l(rt_errno_addr_intlibspace.o)
    0x000003f4   0x000003f4   0x00000008   Code   RO          371    .text               c_p.l(libspace.o)
    0x000003fc   0x000003fc   0x00000002   Code   RO          466    .text               c_p.l(use_no_semi.o)
    0x000003fe   0x000003fe   0x00000000   Code   RO          468    .text               c_p.l(indicate_semi.o)
    0x000003fe   0x000003fe   0x00000000   Code   RO          308    x$fpl$usenofp       fz_ps.l(usenofp.o)
    0x000003fe   0x000003fe   0x00000001   Data   RO           93    .rodata.str1.1      main.o
    0x000003ff   0x000003ff   0x00000001   PAD
    0x00000400   0x00000400   0x00000010   Code   RO          214    .ARM.__at_0x400     startup_mkl05z4.o
    0x00000410   0x00000410   0x0000006c   Code   RO          282    .text               fz_ps.l(dfixi.o)
    0x0000047c   0x0000047c   0x00000058   Code   RO          284    .text               fz_ps.l(dflti.o)
    0x000004d4   0x000004d4   0x00000248   Code   RO          286    .text               fz_ps.l(dmul.o)
    0x0000071c   0x0000071c   0x000000b0   Code   RO          299    .text               c_p.l(_printf_intcommon.o)
    0x000007cc   0x000007cc   0x00000030   Code   RO          301    .text               c_p.l(_printf_char_common.o)
    0x000007fc   0x000007fc   0x00000028   Code   RO          306    .text               c_p.l(rtudiv10.o)
    0x00000824   0x00000824   0x00000358   Code   RO          360    .text               fz_ps.l(daddsub.o)
    0x00000b7c   0x00000b7c   0x00000448   Code   RO          362    .text               fz_ps.l(ddiv.o)
    0x00000fc4   0x00000fc4   0x00000060   Code   RO          365    .text               fz_ps.l(dscalbn.o)
    0x00001024   0x00001024   0x0000003e   Code   RO          374    .text               c_p.l(sys_stackheap_outer.o)
    0x00001062   0x00001062   0x00000010   Code   RO          377    .text               c_p.l(exit.o)
    0x00001072   0x00001072   0x00000002   PAD
    0x00001074   0x00001074   0x0000000c   Code   RO          443    .text               c_p.l(sys_exit.o)
    0x00001080   0x00001080   0x00000050   Code   RO          111    .text.DAC_Init      dac.o
    0x000010d0   0x000010d0   0x00000034   Code   RO          113    .text.DAC_Load_Trig  dac.o
    0x00001104   0x00001104   0x00000030   Code   RO          203    .text.Display       display.o
    0x00001134   0x00001134   0x0000004c   Code   RO          123    .text.I2C_Init      i2c.o
    0x00001180   0x00001180   0x00000050   Code   RO          143    .text.I2C_Read      i2c.o
    0x000011d0   0x000011d0   0x00000040   Code   RO          141    .text.I2C_Write     i2c.o
    0x00001210   0x00001210   0x000001bc   Code   RO          177    .text.Key_Event     sequencer.o
    0x000013cc   0x000013cc   0x00000070   Code   RO            2    .text.Klaw_Init     klaw.o
    0x0000143c   0x0000143c   0x00000034   Code   RO            4    .text.Klaw_Inter    klaw.o
    0x00001470   0x00001470   0x000000c8   Code   RO           48    .text.LCD1602_BF_AC  lcd1602.o
    0x00001538   0x00001538   0x00000010   Code   RO           42    .text.LCD1602_Backlight  lcd1602.o
    0x00001548   0x00001548   0x00000028   Code   RO           22    .text.LCD1602_CheckAddress  lcd1602.o
    0x00001570   0x00001570   0x0000000c   Code   RO           34    .text.LCD1602_ClearAll  lcd1602.o
    0x0000157c   0x0000157c   0x0000004c   Code   RO           20    .text.LCD1602_Init  lcd1602.o
    0x000015c8   0x000015c8   0x00000020   Code   RO           36    .text.LCD1602_Print  lcd1602.o
    0x000015e8   0x000015e8   0x0000001e   Code   RO           32    .text.LCD1602_SetCursor  lcd1602.o
    0x00001606   0x00001606   0x0000001a   Code   RO           46    .text.LCD1602_Write4  lcd1602.o
    0x00001620   0x00001620   0x00000028   Code   RO           24    .text.LCD1602_Write8  lcd1602.o
    0x00001648   0x00001648   0x00000044   Code   RO          103    .text.LED_Init      leds.o
    0x0000168c   0x0000168c   0x0000002c   Code   RO           44    .text.PCF8574_Write  lcd1602.o
    0x000016b8   0x000016b8   0x0000008c   Code   RO           73    .text.PIT_IRQHandler  main.o
    0x00001744   0x00001744   0x00000228   Code   RO           77    .text.PORTA_IRQHandler  main.o
    0x0000196c   0x0000196c   0x000000e0   Code   RO          179    .text.Sequencer_Update  sequencer.o
    0x00001a4c   0x00001a4c   0x00000020   Code   RO           83    .text.SysTick_Config  main.o
    0x00001a6c   0x00001a6c   0x000000cc   Code   RO           75    .text.SysTick_Handler  main.o
    0x00001b38   0x00001b38   0x0000004c   Code   RO          224    .text.SystemInit    system_mkl05z4.o
    0x00001b84   0x00001b84   0x0000004c   Code   RO          173    .text.Timer_Init    sequencer.o
    0x00001bd0   0x00001bd0   0x0000000c   Code   RO            8    .text.__NVIC_ClearPendingIRQ  klaw.o
    0x00001bdc   0x00001bdc   0x00000010   Code   RO           79    .text.__NVIC_ClearPendingIRQ  main.o
    0x00001bec   0x00001bec   0x0000000c   Code   RO           10    .text.__NVIC_EnableIRQ  klaw.o
    0x00001bf8   0x00001bf8   0x00000010   Code   RO          175    .text.__NVIC_EnableIRQ  sequencer.o
    0x00001c08   0x00001c08   0x00000018   Code   RO            6    .text.__NVIC_SetPriority  klaw.o
    0x00001c20   0x00001c20   0x00000018   Code   RO           85    .text.__NVIC_SetPriority  main.o
    0x00001c38   0x00001c38   0x0000000c   Code   RO          155    .text.i2c_clr_IICIF  i2c.o
    0x00001c44   0x00001c44   0x0000000c   Code   RO          139    .text.i2c_disable   i2c.o
    0x00001c50   0x00001c50   0x0000000c   Code   RO          127    .text.i2c_enable    i2c.o
    0x00001c5c   0x00001c5c   0x0000000c   Code   RO          131    .text.i2c_m_start   i2c.o
    0x00001c68   0x00001c68   0x0000000c   Code   RO          137    .text.i2c_m_stop    i2c.o
    0x00001c74   0x00001c74   0x0000000c   Code   RO          147    .text.i2c_nack      i2c.o
    0x00001c80   0x00001c80   0x0000000c   Code   RO          145    .text.i2c_rec       i2c.o
    0x00001c8c   0x00001c8c   0x00000008   Code   RO          149    .text.i2c_recv      i2c.o
    0x00001c94   0x00001c94   0x0000000c   Code   RO          133    .text.i2c_send      i2c.o
    0x00001ca0   0x00001ca0   0x00000010   Code   RO          129    .text.i2c_tran      i2c.o
    0x00001cb0   0x00001cb0   0x0000005c   Code   RO          135    .text.i2c_wait      i2c.o
    0x00001d0c   0x00001d0c   0x00000144   Code   RO           81    .text.main          main.o
    0x00001e50   0x00001e50   0x000001f6   Code   RO          271    .text_divfast       c_p.l(aeabi_sdivfast.o)
    0x00002046   0x00002046   0x00000032   Code   RO          331    i.__ARM_common_ll_muluu  m_ps.l(rred.o)
    0x00002078   0x00002078   0x0000002c   Code   RO          367    i.__ARM_fpclassify  m_ps.l(fpclassify.o)
    0x000020a4   0x000020a4   0x0000039c   Code   RO          326    i.__ieee754_rem_pio2  m_ps.l(rred.o)
    0x00002440   0x00002440   0x000000f4   Code   RO          309    i.__kernel_cos      m_ps.l(cos_i.o)
    0x00002534   0x00002534   0x000000ac   Code   RO          369    i.__kernel_poly     m_ps.l(poly.o)
    0x000025e0   0x000025e0   0x000000ec   Code   RO          333    i.__kernel_sin      m_ps.l(sin_i.o)
    0x000026cc   0x000026cc   0x0000000a   Code   RO          313    i.__mathlib_dbl_infnan  m_ps.l(dunder.o)
    0x000026d6   0x000026d6   0x00000010   Code   RO          315    i.__mathlib_dbl_invalid  m_ps.l(dunder.o)
    0x000026e6   0x000026e6   0x00000002   PAD
    0x000026e8   0x000026e8   0x00000014   Code   RO          318    i.__mathlib_dbl_underflow  m_ps.l(dunder.o)
    0x000026fc   0x000026fc   0x0000000e   Code   RO          258    i._is_digit         c_p.l(__printf_wp.o)
    0x0000270a   0x0000270a   0x00000002   PAD
    0x0000270c   0x0000270c   0x0000009c   Code   RO          289    i.sin               m_ps.l(sin.o)
    0x000027a8   0x000027a8   0x00000011   Data   RO          261    .constdata          c_p.l(__printf_flags_wp.o)
    0x000027b9   0x000027b9   0x00000007   PAD
    0x000027c0   0x000027c0   0x00000030   Data   RO          310    .constdata          m_ps.l(cos_i.o)
    0x000027f0   0x000027f0   0x000000cc   Data   RO          328    .constdata          m_ps.l(rred.o)
    0x000028bc   0x000028bc   0x00000004   PAD
    0x000028c0   0x000028c0   0x00000028   Data   RO          334    .constdata          m_ps.l(sin_i.o)
    0x000028e8   0x000028e8   0x00000080   Data   RO          363    .constdata          fz_ps.l(ddiv.o)
    0x00002968   0x00002968   0x00000080   Data   RO          182    .rodata.Sawtooth    sequencer.o
    0x000029e8   0x000029e8   0x00000080   Data   RO          181    .rodata.Triangle    sequencer.o
    0x00002a68   0x00002a68   0x00000004   Data   RO           92    .rodata.cst4        main.o
    0x00002a6c   0x00002a6c   0x00000020   Data   RO          521    Region$$Table       anon$$obj.o


    Execution Region RW_IRAM1 (Exec base: 0x1ffffc00, Load base: 0x00002a90, Size: 0x00000430, Max: 0x00001000, ABSOLUTE)

    Exec Addr    Load Addr    Size         Type   Attr      Idx    E Section Name        Object

    0x1ffffc00   0x00002a90   0x00000002   Data   RW           89    .data.DIV_CORE      main.o
    0x1ffffc02   0x00002a92   0x00000002   PAD
    0x1ffffc04   0x00002a94   0x00000004   Data   RW          228    .data.SystemCoreClock  system_mkl05z4.o
    0x1ffffc08   0x00002a98   0x00000001   Data   RW          186    .data.bpm           sequencer.o
    0x1ffffc09   0x00002a99   0x00000001   Data   RW           63    .data.lcd_backlight  lcd1602.o
    0x1ffffc0a   0x00002a9a   0x00000006   PAD
    0x1ffffc10        -       0x00000060   Zero   RW          372    .bss                c_p.l(libspace.o)
    0x1ffffc70        -       0x00000010   Zero   RW           12    .bss.Pin_press      klaw.o
    0x1ffffc80        -       0x00000080   Zero   RW          194    .bss.Sinus          sequencer.o
    0x1ffffd00        -       0x00000001   Zero   RW          185    .bss.clear          sequencer.o
    0x1ffffd01        -       0x00000001   Zero   RW          187    .bss.current_step   sequencer.o
    0x1ffffd02        -       0x00000002   Zero   RW           91    .bss.dac            main.o
    0x1ffffd04        -       0x00000001   Zero   RW          164    .bss.dummy          i2c.o
    0x1ffffd05        -       0x00000001   Zero   RW          163    .bss.error          i2c.o
    0x1ffffd06        -       0x00000001   Zero   RW           90    .bss.n              main.o
    0x1ffffd07        -       0x00000001   Zero   RW           64    .bss.pcf_address    lcd1602.o
    0x1ffffd08        -       0x00000001   Zero   RW          183    .bss.play           sequencer.o
    0x1ffffd09   0x00002a9a   0x00000001   PAD
    0x1ffffd0a        -       0x00000002   Zero   RW           88    .bss.play_duration  main.o
    0x1ffffd0c        -       0x00000001   Zero   RW          190    .bss.play_saw       sequencer.o
    0x1ffffd0d        -       0x00000001   Zero   RW          188    .bss.play_sine      sequencer.o
    0x1ffffd0e        -       0x00000001   Zero   RW          189    .bss.play_tri       sequencer.o
    0x1ffffd0f   0x00002a9a   0x00000001   PAD
    0x1ffffd10        -       0x00000018   Zero   RW          192    .bss.sequencer      sequencer.o
    0x1ffffd28        -       0x00000001   Zero   RW           87    .bss.trig           main.o
    0x1ffffd29        -       0x00000001   Zero   RW          191    .bss.wave           sequencer.o
    0x1ffffd2a        -       0x00000001   Zero   RW          184    .bss.write          sequencer.o
    0x1ffffd2b   0x00002a9a   0x00000005   PAD
    0x1ffffd30        -       0x00000000   Zero   RW          212    HEAP                startup_mkl05z4.o
    0x1ffffd30        -       0x00000300   Zero   RW          211    STACK               startup_mkl05z4.o


==============================================================================

Image component sizes


      Code (inc. data)   RO Data    RW Data    ZI Data      Debug   Object Name

       132         16          0          0          0       2302   dac.o
        48          8          0          0          0        793   display.o
       432         40          0          0          2       5155   i2c.o
       212         20          0          0         16       3666   klaw.o
       516         12          0          1          1       5287   lcd1602.o
        68         12          0          0          0       1689   leds.o
      1292        184          5          2          6       5721   main.o
       760         80        256          1        160       4791   sequencer.o
        68         38        192          0        768        824   startup_mkl05z4.o
        76         16          0          4          0       2323   system_mkl05z4.o

    ----------------------------------------------------------------------
      3604        426        486         12        964      32551   Object Totals
         0          0         32          0          0          0   (incl. Generated)
         0          0          1          4         11          0   (incl. Padding)

    ----------------------------------------------------------------------

      Code (inc. data)   RO Data    RW Data    ZI Data      Debug   Library Member Name

         8          0          0          0          0         68   __main.o
       312          6         17          0          0         76   __printf_flags_wp.o
        14          0          0          0          0         60   __printf_wp.o
         0          0          0          0          0          0   __rtentry.o
        12          0          0          0          0          0   __rtentry2.o
         6          0          0          0          0          0   __rtentry4.o
        60          8          0          0          0          0   __scatter.o
        26          0          0          0          0          0   __scatter_copy.o
        28          0          0          0          0          0   __scatter_zi.o
        48          6          0          0          0         88   _printf_char_common.o
        10          0          0          0          0          0   _printf_d.o
       108         18          0          0          0         76   _printf_dec.o
       176          0          0          0          0         84   _printf_intcommon.o
        78          0          0          0          0        100   _printf_pad.o
         2          0          0          0          0          0   _printf_percent.o
         4          0          0          0          0          0   _printf_percent_end.o
        22          0          0          0          0         92   _rserrno.o
        10          0          0          0          0         60   _sputc.o
       502          0          0          0          0         92   aeabi_sdivfast.o
        16          0          0          0          0         68   exit.o
         6          0          0          0          0        136   heapauxi.o
         0          0          0          0          0          0   indicate_semi.o
         2          0          0          0          0          0   libinit.o
         2          0          0          0          0          0   libinit2.o
         2          0          0          0          0          0   libshutdown.o
         2          0          0          0          0          0   libshutdown2.o
         8          4          0          0         96         68   libspace.o
        40          4          0          0          0         84   noretval__2sprintf.o
         8          4          0          0          0         68   rt_errno_addr_intlibspace.o
         2          0          0          0          0          0   rtexit.o
        10          0          0          0          0          0   rtexit2.o
        40          0          0          0          0         60   rtudiv10.o
        12          4          0          0          0         60   sys_exit.o
        62          0          0          0          0         80   sys_stackheap_outer.o
         2          0          0          0          0         68   use_no_semi.o
       856         20          0          0          0        208   daddsub.o
      1096         26        128          0          0        112   ddiv.o
       108         10          0          0          0         72   dfixi.o
        88          0          0          0          0         92   dflti.o
       584         26          0          0          0         84   dmul.o
        96         12          0          0          0         72   dscalbn.o
         0          0          0          0          0          0   usenofp.o
       244         20         48          0          0         92   cos_i.o
        46          6          0          0          0        204   dunder.o
        44          4          0          0          0         60   fpclassify.o
       172          0          0          0          0         76   poly.o
       974         86        204          0          0        200   rred.o
       156         10          0          0          0        104   sin.o
       236         14         40          0          0        100   sin_i.o

    ----------------------------------------------------------------------
      6354        288        448          0         96       2964   Library Totals
        14          0         11          0          0          0   (incl. Padding)

    ----------------------------------------------------------------------

      Code (inc. data)   RO Data    RW Data    ZI Data      Debug   Library Name

      1640         54         17          0         96       1488   c_p.l
      2828         94        128          0          0        640   fz_ps.l
      1872        140        292          0          0        836   m_ps.l

    ----------------------------------------------------------------------
      6354        288        448          0         96       2964   Library Totals

    ----------------------------------------------------------------------

==============================================================================


      Code (inc. data)   RO Data    RW Data    ZI Data      Debug   

      9958        714        934         12       1060      34015   Grand Totals
      9958        714        934         12       1060      34015   ELF Image Totals
      9958        714        934         12          0          0   ROM Totals

==============================================================================

    Total RO  Size (Code + RO Data)                10892 (  10.64kB)
    Total RW  Size (RW Data + ZI Data)              1072 (   1.05kB)
    Total ROM Size (Code + RO Data + RW Data)      10904 (  10.65kB)

==============================================================================

